{
  "best_adapter": "adapter_rank256",
  "best_adapter_order_drop": {
    "mean": 0.12566260635720938,
    "seed_values": [
      0.15072855541737207,
      0.10361004710960972,
      0.14465546104035387,
      0.11749154074685861,
      0.1273613157052583,
      0.11012871812380359
    ]
  },
  "best_adapter_untrained": {
    "mean": 0.3015312399501121,
    "seed_values": [
      0.3090817861836418,
      0.2928127496099713,
      0.29070036216409817,
      0.32923474389724827,
      0.2927812000546917,
      0.29457659779102147
    ]
  },
  "gates": {
    "adapter_noninferior_ci_upper_within_0.03": true,
    "realized_l0_gap_within_tolerance": true,
    "txc_order_receipt_available": true,
    "txc_real_task_sign_of_life": false
  },
  "models": {
    "SAE last": {
      "mean": 0.016153204175038554,
      "seed_values": [
        0.013376897981861986,
        0.008775325159181743,
        0.01725885202167455,
        0.01970264403124934,
        0.01614290905022084,
        0.021662596806042853
      ],
      "std_sample": 0.0046111922201677695
    },
    "SAE max top-8": {
      "mean": 0.17055566857340534,
      "seed_values": [
        0.11273155470399225,
        0.1448888253956955,
        0.18959995896038973,
        0.23769213279925425,
        0.21064767868158213,
        0.12777386089951825
      ],
      "std_sample": 0.0496186601007002
    },
    "SAE mean top-8": {
      "mean": 0.30225203787511545,
      "seed_values": [
        0.3114616175995592,
        0.2930246013026597,
        0.29123830737626744,
        0.32981721889619514,
        0.29457538997454746,
        0.2933950921014636
      ],
      "std_sample": 0.015417391608520752
    },
    "TXC": {
      "mean": 0.25920322327234274,
      "seed_values": [
        0.2654400644378302,
        0.24963716485007223,
        0.2766716905457025,
        0.26236598153676977,
        0.2484258231634734,
        0.2526786151002086
      ],
      "std_sample": 0.010993460920820073
    },
    "adapter_rank0": {
      "mean": 0.3221093876982803,
      "seed_values": [
        0.3136406209260469,
        0.3319341398146724,
        0.311394673576677,
        0.335077379563118,
        0.3133298995117924,
        0.32727961279737505
      ],
      "std_sample": 0.010535941504177098
    },
    "adapter_rank256": {
      "mean": 0.2699062078578642,
      "seed_values": [
        0.26646374808489304,
        0.2558837317323191,
        0.2639682728828456,
        0.2710369029618497,
        0.282850490798219,
        0.2792341006870587
      ],
      "std_sample": 0.009995818672211209
    }
  },
  "paired_txc_minus_best": {
    "bootstrap_ci95": [
      -0.023254015593871608,
      0.0014069966207102315
    ],
    "mean": -0.010702984585521394,
    "seed_values": [
      -0.0010236836470628452,
      -0.006246566882246868,
      0.01270341766285693,
      -0.008670921425079914,
      -0.03442466763474561,
      -0.02655548558685006
    ]
  },
  "realized_l0": {
    "adapter_mean": 8.0,
    "adapter_seed_values": [
      8.0,
      8.0,
      8.0,
      8.0,
      8.0,
      8.0
    ],
    "mean_gap": 0.08544921875,
    "txc_mean": 7.91455078125,
    "txc_seed_values": [
      7.7998046875,
      7.8251953125,
      7.9150390625,
      7.9755859375,
      7.9443359375,
      8.02734375
    ]
  },
  "txc_order_drop": {
    "mean": 0.035066289113641846,
    "seed_values": [
      0.02750890366047959,
      0.04838123422157961,
      0.026487392239818164,
      0.047537824026618186,
      0.011428331448263052,
      0.04905404908509248
    ]
  },
  "txc_untrained": {
    "mean": 0.007582939265847304,
    "seed_values": [
      -0.015298218361102003,
      -0.013681622154449876,
      0.010060532550413859,
      0.015919195873439432,
      0.009364721279986101,
      0.03913302640679631
    ]
  },
  "verdict": "STOP_GENERAL_TXC"
}
