[run_on_gpu] CUDA_VISIBLE_DEVICES=0 exec: .venv/bin/python -m experiments.c2_synthetic_coupled.run_hunt --datasource toy_coupled_noisy_K10_M20_d256_pB05_np2 --phase hunt
[hunt] datasource=toy_coupled_noisy_K10_M20_d256_pB05_np2 p_B=0.5 n_parents=2 ρ=0.9 phase=hunt archs=['topk_sae', 'txc_base'] k_pos=[1, 2, 5, 10, 15, 20] seeds=[1, 2, 42] n_steps=20000
[c2 hunt] topk_sae     default    k= 1 seed=1 p_B=0.5 n_par=2 ρ=0.9 ds=toy_coupled_noisy_K10_M20_d256_pB05_np2 steps=20000
[c2 hunt] topk_sae     default    k= 1 seed=2 p_B=0.5 n_par=2 ρ=0.9 ds=toy_coupled_noisy_K10_M20_d256_pB05_np2 steps=20000
[c2 hunt] topk_sae     default    k= 1 seed=42 p_B=0.5 n_par=2 ρ=0.9 ds=toy_coupled_noisy_K10_M20_d256_pB05_np2 steps=20000
[c2 hunt] topk_sae     default    k= 2 seed=1 p_B=0.5 n_par=2 ρ=0.9 ds=toy_coupled_noisy_K10_M20_d256_pB05_np2 steps=20000
[c2 hunt] topk_sae     default    k= 2 seed=2 p_B=0.5 n_par=2 ρ=0.9 ds=toy_coupled_noisy_K10_M20_d256_pB05_np2 steps=20000
[c2 hunt] topk_sae     default    k= 2 seed=42 p_B=0.5 n_par=2 ρ=0.9 ds=toy_coupled_noisy_K10_M20_d256_pB05_np2 steps=20000
[c2 hunt] topk_sae     default    k= 5 seed=1 p_B=0.5 n_par=2 ρ=0.9 ds=toy_coupled_noisy_K10_M20_d256_pB05_np2 steps=20000
[c2 hunt] topk_sae     default    k= 5 seed=2 p_B=0.5 n_par=2 ρ=0.9 ds=toy_coupled_noisy_K10_M20_d256_pB05_np2 steps=20000
[c2 hunt] topk_sae     default    k= 5 seed=42 p_B=0.5 n_par=2 ρ=0.9 ds=toy_coupled_noisy_K10_M20_d256_pB05_np2 steps=20000
[c2 hunt] topk_sae     default    k=10 seed=1 p_B=0.5 n_par=2 ρ=0.9 ds=toy_coupled_noisy_K10_M20_d256_pB05_np2 steps=20000
[c2 hunt] topk_sae     default    k=10 seed=2 p_B=0.5 n_par=2 ρ=0.9 ds=toy_coupled_noisy_K10_M20_d256_pB05_np2 steps=20000
[c2 hunt] topk_sae     default    k=10 seed=42 p_B=0.5 n_par=2 ρ=0.9 ds=toy_coupled_noisy_K10_M20_d256_pB05_np2 steps=20000
[c2 hunt] topk_sae     default    k=15 seed=1 p_B=0.5 n_par=2 ρ=0.9 ds=toy_coupled_noisy_K10_M20_d256_pB05_np2 steps=20000
[c2 hunt] topk_sae     default    k=15 seed=2 p_B=0.5 n_par=2 ρ=0.9 ds=toy_coupled_noisy_K10_M20_d256_pB05_np2 steps=20000
[c2 hunt] topk_sae     default    k=15 seed=42 p_B=0.5 n_par=2 ρ=0.9 ds=toy_coupled_noisy_K10_M20_d256_pB05_np2 steps=20000
[c2 hunt] topk_sae     default    k=20 seed=1 p_B=0.5 n_par=2 ρ=0.9 ds=toy_coupled_noisy_K10_M20_d256_pB05_np2 steps=20000
[c2 hunt] topk_sae     default    k=20 seed=2 p_B=0.5 n_par=2 ρ=0.9 ds=toy_coupled_noisy_K10_M20_d256_pB05_np2 steps=20000
[c2 hunt] topk_sae     default    k=20 seed=42 p_B=0.5 n_par=2 ρ=0.9 ds=toy_coupled_noisy_K10_M20_d256_pB05_np2 steps=20000
[c2 hunt] txc_base     default    k= 1 seed=1 p_B=0.5 n_par=2 ρ=0.9 ds=toy_coupled_noisy_K10_M20_d256_pB05_np2 steps=20000
[c2 hunt] txc_base     default    k= 1 seed=2 p_B=0.5 n_par=2 ρ=0.9 ds=toy_coupled_noisy_K10_M20_d256_pB05_np2 steps=20000
[c2 hunt] txc_base     default    k= 1 seed=42 p_B=0.5 n_par=2 ρ=0.9 ds=toy_coupled_noisy_K10_M20_d256_pB05_np2 steps=20000
[c2 hunt] txc_base     default    k= 2 seed=1 p_B=0.5 n_par=2 ρ=0.9 ds=toy_coupled_noisy_K10_M20_d256_pB05_np2 steps=20000
[c2 hunt] txc_base     default    k= 2 seed=2 p_B=0.5 n_par=2 ρ=0.9 ds=toy_coupled_noisy_K10_M20_d256_pB05_np2 steps=20000
[c2 hunt] txc_base     default    k= 2 seed=42 p_B=0.5 n_par=2 ρ=0.9 ds=toy_coupled_noisy_K10_M20_d256_pB05_np2 steps=20000
[c2 hunt] txc_base     default    k= 5 seed=1 p_B=0.5 n_par=2 ρ=0.9 ds=toy_coupled_noisy_K10_M20_d256_pB05_np2 steps=20000
