[run_on_gpu] CUDA_VISIBLE_DEVICES=5 exec: .venv/bin/python -m experiments.c2_synthetic_coupled.run_hunt --datasource toy_coupled_noisy_K10_M20_d256_pB05_np8 --phase hunt
[hunt] datasource=toy_coupled_noisy_K10_M20_d256_pB05_np8 p_B=0.5 n_parents=8 ρ=0.9 phase=hunt archs=['topk_sae', 'txc_base'] k_pos=[1, 2, 5, 10, 15, 20] seeds=[1, 2, 42] n_steps=20000
[c2 hunt] topk_sae     default    k= 1 seed=1 p_B=0.5 n_par=8 ρ=0.9 ds=toy_coupled_noisy_K10_M20_d256_pB05_np8 steps=20000
[c2 hunt] topk_sae     default    k= 1 seed=2 p_B=0.5 n_par=8 ρ=0.9 ds=toy_coupled_noisy_K10_M20_d256_pB05_np8 steps=20000
[c2 hunt] topk_sae     default    k= 1 seed=42 p_B=0.5 n_par=8 ρ=0.9 ds=toy_coupled_noisy_K10_M20_d256_pB05_np8 steps=20000
[c2 hunt] topk_sae     default    k= 2 seed=1 p_B=0.5 n_par=8 ρ=0.9 ds=toy_coupled_noisy_K10_M20_d256_pB05_np8 steps=20000
[c2 hunt] topk_sae     default    k= 2 seed=2 p_B=0.5 n_par=8 ρ=0.9 ds=toy_coupled_noisy_K10_M20_d256_pB05_np8 steps=20000
[c2 hunt] topk_sae     default    k= 2 seed=42 p_B=0.5 n_par=8 ρ=0.9 ds=toy_coupled_noisy_K10_M20_d256_pB05_np8 steps=20000
[c2 hunt] topk_sae     default    k= 5 seed=1 p_B=0.5 n_par=8 ρ=0.9 ds=toy_coupled_noisy_K10_M20_d256_pB05_np8 steps=20000
[c2 hunt] topk_sae     default    k= 5 seed=2 p_B=0.5 n_par=8 ρ=0.9 ds=toy_coupled_noisy_K10_M20_d256_pB05_np8 steps=20000
[c2 hunt] topk_sae     default    k= 5 seed=42 p_B=0.5 n_par=8 ρ=0.9 ds=toy_coupled_noisy_K10_M20_d256_pB05_np8 steps=20000
[c2 hunt] topk_sae     default    k=10 seed=1 p_B=0.5 n_par=8 ρ=0.9 ds=toy_coupled_noisy_K10_M20_d256_pB05_np8 steps=20000
[c2 hunt] topk_sae     default    k=10 seed=2 p_B=0.5 n_par=8 ρ=0.9 ds=toy_coupled_noisy_K10_M20_d256_pB05_np8 steps=20000
[c2 hunt] topk_sae     default    k=10 seed=42 p_B=0.5 n_par=8 ρ=0.9 ds=toy_coupled_noisy_K10_M20_d256_pB05_np8 steps=20000
[c2 hunt] topk_sae     default    k=15 seed=1 p_B=0.5 n_par=8 ρ=0.9 ds=toy_coupled_noisy_K10_M20_d256_pB05_np8 steps=20000
[c2 hunt] topk_sae     default    k=15 seed=2 p_B=0.5 n_par=8 ρ=0.9 ds=toy_coupled_noisy_K10_M20_d256_pB05_np8 steps=20000
[c2 hunt] topk_sae     default    k=15 seed=42 p_B=0.5 n_par=8 ρ=0.9 ds=toy_coupled_noisy_K10_M20_d256_pB05_np8 steps=20000
[c2 hunt] topk_sae     default    k=20 seed=1 p_B=0.5 n_par=8 ρ=0.9 ds=toy_coupled_noisy_K10_M20_d256_pB05_np8 steps=20000
[c2 hunt] topk_sae     default    k=20 seed=2 p_B=0.5 n_par=8 ρ=0.9 ds=toy_coupled_noisy_K10_M20_d256_pB05_np8 steps=20000
[c2 hunt] topk_sae     default    k=20 seed=42 p_B=0.5 n_par=8 ρ=0.9 ds=toy_coupled_noisy_K10_M20_d256_pB05_np8 steps=20000
[c2 hunt] txc_base     default    k= 1 seed=1 p_B=0.5 n_par=8 ρ=0.9 ds=toy_coupled_noisy_K10_M20_d256_pB05_np8 steps=20000
[c2 hunt] txc_base     default    k= 1 seed=2 p_B=0.5 n_par=8 ρ=0.9 ds=toy_coupled_noisy_K10_M20_d256_pB05_np8 steps=20000
[c2 hunt] txc_base     default    k= 1 seed=42 p_B=0.5 n_par=8 ρ=0.9 ds=toy_coupled_noisy_K10_M20_d256_pB05_np8 steps=20000
[c2 hunt] txc_base     default    k= 2 seed=1 p_B=0.5 n_par=8 ρ=0.9 ds=toy_coupled_noisy_K10_M20_d256_pB05_np8 steps=20000
[c2 hunt] txc_base     default    k= 2 seed=2 p_B=0.5 n_par=8 ρ=0.9 ds=toy_coupled_noisy_K10_M20_d256_pB05_np8 steps=20000
[c2 hunt] txc_base     default    k= 2 seed=42 p_B=0.5 n_par=8 ρ=0.9 ds=toy_coupled_noisy_K10_M20_d256_pB05_np8 steps=20000
[c2 hunt] txc_base     default    k= 5 seed=1 p_B=0.5 n_par=8 ρ=0.9 ds=toy_coupled_noisy_K10_M20_d256_pB05_np8 steps=20000
[c2 hunt] txc_base     default    k= 5 seed=2 p_B=0.5 n_par=8 ρ=0.9 ds=toy_coupled_noisy_K10_M20_d256_pB05_np8 steps=20000
[c2 hunt] txc_base     default    k= 5 seed=42 p_B=0.5 n_par=8 ρ=0.9 ds=toy_coupled_noisy_K10_M20_d256_pB05_np8 steps=20000
[c2 hunt] txc_base     default    k=10 seed=1 p_B=0.5 n_par=8 ρ=0.9 ds=toy_coupled_noisy_K10_M20_d256_pB05_np8 steps=20000
Traceback (most recent call last):
  File "<frozen runpy>", line 198, in _run_module_as_main
  File "<frozen runpy>", line 88, in _run_code
  File "/workspace/temp_xc/purified/experiments/c2_synthetic_coupled/run_hunt.py", line 266, in <module>
    training_cfg=cfg,

  File "/workspace/temp_xc/purified/experiments/c2_synthetic_coupled/run_hunt.py", line 251, in main
    )
^^^^^
  File "/workspace/temp_xc/purified/src/temp_bench/runner.py", line 140, in run_cell
    loaded_state = train_fn(
                   ^^^^^^^^^
  File "/workspace/temp_xc/purified/experiments/c2_synthetic_coupled/run_hunt.py", line 125, in my_train_fn
    torch.manual_seed(int(seed))
             ^^^^^^^^^^^^^^^^^^^^
  File "/workspace/temp_xc/purified/src/temp_bench/training/sae_trainer.py", line 140, in train_sae
    loss, info = model.train_step(x)
                 ^^^^^^^^^^^^^^^^^^^
  File "/workspace/temp_xc/purified/src/temp_bench/architectures/txc_base.py", line 230, in train_step
    vals, idx = pre.topk(self.k_win, dim=-1)
                ^^^^^^^^^^^^^^^^^^^^^^^^^^^^
RuntimeError: selected index k out of range
