[bands] 120 cells, max_workers=10
[1/120     57s] spectral_txc_full/T4/d101/s1/untrained       vel=+0.252 (cache t=False e=False)
[2/120     61s] spectral_txc_full/T2/d101/s1/untrained       vel=+0.105 (cache t=False e=False)
[3/120    173s] spectral_txc_full/T8/d32/s1/trained          vel=+0.923 (cache t=False e=False)
[4/120    174s] spectral_txc_full/T4/d101/s1/trained         vel=+0.757 (cache t=False e=False)
[5/120    174s] spectral_txc_full/T2/d64/s1/trained          vel=+0.385 (cache t=False e=False)
[6/120    174s] spectral_txc_full/T4/d32/s1/trained          vel=+0.779 (cache t=False e=False)
[7/120    174s] spectral_txc_full/T4/d64/s1/trained          vel=+0.753 (cache t=False e=False)
[8/120    175s] spectral_txc_full/T8/d64/s1/trained          vel=+0.930 (cache t=False e=False)
[9/120    177s] spectral_txc_full/T2/d32/s1/trained          vel=+0.367 (cache t=False e=False)
[10/120    178s] spectral_txc_full/T8/d101/s1/untrained       vel=+0.371 (cache t=False e=False)
[11/120    178s] spectral_txc_full/T4/d256/s1/trained         vel=+0.739 (cache t=False e=False)
[12/120    180s] spectral_txc_full/T2/d101/s1/trained         vel=+0.374 (cache t=False e=False)
[13/120    182s] spectral_txc_full/T16/d101/s1/untrained      vel=+0.444 (cache t=False e=False)
[14/120    187s] spectral_txc_full/T2/d256/s1/trained         vel=+0.375 (cache t=False e=False)
[15/120    310s] spectral_txc_full/T8/d101/s1/trained         vel=+0.942 (cache t=False e=False)
[16/120    311s] spectral_txc_full/T16/d101/s1/trained        vel=+1.000 (cache t=False e=False)
[17/120    312s] spectral_txc_full/T16/d32/s1/trained         vel=+0.890 (cache t=False e=False)
[18/120    314s] spectral_txc_full/T16/d64/s1/trained         vel=+0.998 (cache t=False e=False)
[19/120    316s] spectral_txc_full/T8/d256/s1/trained         vel=+0.947 (cache t=False e=False)
[20/120    317s] spectral_txc_full/T16/d256/s1/trained        vel=+1.000 (cache t=False e=False)
[21/120    319s] spectral_txc_dcac/T2/d101/s1/untrained       vel=+0.111 (cache t=False e=False)
[22/120    324s] spectral_txc_dcac/T4/d101/s1/untrained       vel=+0.267 (cache t=False e=False)
[23/120    371s] spectral_txc_dcac/T2/d32/s1/trained          vel=+0.415 (cache t=False e=False)
[24/120    372s] spectral_txc_dcac/T2/d64/s1/trained          vel=+0.379 (cache t=False e=False)
[25/120    386s] spectral_txc_dcac/T2/d101/s1/trained         vel=+0.419 (cache t=False e=False)
[26/120    392s] spectral_txc_dcac/T2/d256/s1/trained         vel=+0.363 (cache t=False e=False)
[27/120    392s] spectral_txc_dcac/T8/d101/s1/untrained       vel=+0.437 (cache t=False e=False)
[28/120    501s] spectral_txc_dcac/T4/d32/s1/trained          vel=+0.793 (cache t=False e=False)
[29/120    508s] spectral_txc_dcac/T4/d64/s1/trained          vel=+0.764 (cache t=False e=False)
[30/120    514s] spectral_txc_dcac/T8/d32/s1/trained          vel=+0.932 (cache t=False e=False)
[31/120    515s] spectral_txc_dcac/T4/d101/s1/trained         vel=+0.762 (cache t=False e=False)
[32/120    519s] spectral_txc_dcac/T8/d64/s1/trained          vel=+0.950 (cache t=False e=False)
[33/120    520s] spectral_txc_dcac/T16/d101/s1/untrained      vel=+0.484 (cache t=False e=False)
[34/120    524s] spectral_txc_dcac/T4/d256/s1/trained         vel=+0.760 (cache t=False e=False)
[35/120    579s] spectral_txc_dcac/T8/d101/s1/trained         vel=+0.948 (cache t=False e=False)
[36/120    583s] spectral_txc_dcac/T8/d256/s1/trained         vel=+0.934 (cache t=False e=False)
[37/120    589s] spectral_txc_full/T2/d101/s2/untrained       vel=+0.098 (cache t=False e=False)
[38/120    602s] spectral_txc_dcac/T16/d64/s1/trained         vel=+1.000 (cache t=False e=False)
[39/120    603s] spectral_txc_dcac/T16/d32/s1/trained         vel=+0.710 (cache t=False e=False)
[40/120    672s] spectral_txc_full/T2/d32/s2/trained          vel=+0.374 (cache t=False e=False)
[41/120    678s] spectral_txc_full/T4/d101/s2/untrained       vel=+0.233 (cache t=False e=False)
[42/120    687s] spectral_txc_full/T2/d64/s2/trained          vel=+0.377 (cache t=False e=False)
[43/120    689s] spectral_txc_full/T2/d256/s2/trained         vel=+0.371 (cache t=False e=False)
[44/120    694s] spectral_txc_full/T2/d101/s2/trained         vel=+0.385 (cache t=False e=False)
[45/120    707s] spectral_txc_dcac/T16/d101/s1/trained        vel=+1.000 (cache t=False e=False)
[46/120    716s] spectral_txc_full/T8/d101/s2/untrained       vel=+0.393 (cache t=False e=False)
[47/120    729s] spectral_txc_dcac/T16/d256/s1/trained        vel=+1.000 (cache t=False e=False)
[48/120    741s] spectral_txc_full/T4/d32/s2/trained          vel=+0.809 (cache t=False e=False)
[49/120    749s] spectral_txc_full/T4/d64/s2/trained          vel=+0.775 (cache t=False e=False)
[50/120    769s] spectral_txc_full/T4/d101/s2/trained         vel=+0.760 (cache t=False e=False)
[51/120    769s] spectral_txc_full/T4/d256/s2/trained         vel=+0.755 (cache t=False e=False)
[52/120    773s] spectral_txc_full/T16/d101/s2/untrained      vel=+0.462 (cache t=False e=False)
[53/120    834s] spectral_txc_full/T8/d32/s2/trained          vel=+0.895 (cache t=False e=False)
[54/120    834s] spectral_txc_full/T8/d256/s2/trained         vel=+0.925 (cache t=False e=False)
[55/120    844s] spectral_txc_full/T8/d101/s2/trained         vel=+0.936 (cache t=False e=False)
[56/120    849s] spectral_txc_full/T8/d64/s2/trained          vel=+0.922 (cache t=False e=False)
[57/120    862s] spectral_txc_dcac/T2/d101/s2/untrained       vel=+0.109 (cache t=False e=False)
[58/120    866s] spectral_txc_full/T16/d32/s2/trained         vel=+0.926 (cache t=False e=False)
[59/120    891s] spectral_txc_full/T16/d64/s2/trained         vel=+0.988 (cache t=False e=False)
[60/120    901s] spectral_txc_full/T16/d101/s2/trained        vel=+1.000 (cache t=False e=False)
[61/120    904s] spectral_txc_full/T16/d256/s2/trained        vel=+1.000 (cache t=False e=False)
[62/120    908s] spectral_txc_dcac/T4/d101/s2/untrained       vel=+0.286 (cache t=False e=False)
[63/120    978s] spectral_txc_dcac/T2/d32/s2/trained          vel=+0.389 (cache t=False e=False)
[64/120    987s] spectral_txc_dcac/T2/d64/s2/trained          vel=+0.398 (cache t=False e=False)
[65/120   1039s] spectral_txc_dcac/T2/d256/s2/trained         vel=+0.395 (cache t=False e=False)
[66/120   1043s] spectral_txc_dcac/T2/d101/s2/trained         vel=+0.431 (cache t=False e=False)
[67/120   1045s] spectral_txc_dcac/T8/d101/s2/untrained       vel=+0.407 (cache t=False e=False)
[68/120   1062s] spectral_txc_dcac/T4/d32/s2/trained          vel=+0.751 (cache t=False e=False)
[69/120   1067s] spectral_txc_dcac/T4/d101/s2/trained         vel=+0.761 (cache t=False e=False)
[70/120   1074s] spectral_txc_dcac/T4/d64/s2/trained          vel=+0.777 (cache t=False e=False)
[71/120   1077s] spectral_txc_dcac/T16/d101/s2/untrained      vel=+0.461 (cache t=False e=False)
[72/120   1106s] spectral_txc_dcac/T8/d32/s2/trained          vel=+0.905 (cache t=False e=False)
[73/120   1107s] spectral_txc_dcac/T8/d64/s2/trained          vel=+0.947 (cache t=False e=False)
[74/120   1107s] spectral_txc_dcac/T4/d256/s2/trained         vel=+0.759 (cache t=False e=False)
[75/120   1166s] spectral_txc_dcac/T8/d101/s2/trained         vel=+0.955 (cache t=False e=False)
[76/120   1177s] spectral_txc_full/T2/d101/s42/untrained      vel=+0.078 (cache t=False e=False)
[77/120   1182s] spectral_txc_dcac/T8/d256/s2/trained         vel=+0.945 (cache t=False e=False)
[78/120   1214s] spectral_txc_full/T2/d32/s42/trained         vel=+0.366 (cache t=False e=False)
[79/120   1218s] spectral_txc_dcac/T16/d64/s2/trained         vel=+0.998 (cache t=False e=False)
[80/120   1218s] spectral_txc_dcac/T16/d32/s2/trained         vel=+0.654 (cache t=False e=False)
[81/120   1225s] spectral_txc_full/T4/d101/s42/untrained      vel=+0.213 (cache t=False e=False)
[82/120   1233s] spectral_txc_dcac/T16/d101/s2/trained        vel=+0.998 (cache t=False e=False)
[83/120   1233s] spectral_txc_dcac/T16/d256/s2/trained        vel=+0.998 (cache t=False e=False)
[84/120   1244s] spectral_txc_full/T2/d101/s42/trained        vel=+0.345 (cache t=False e=False)
[85/120   1245s] spectral_txc_full/T2/d64/s42/trained         vel=+0.341 (cache t=False e=False)
[86/120   1249s] spectral_txc_full/T8/d101/s42/untrained      vel=+0.355 (cache t=False e=False)
[87/120   1254s] spectral_txc_full/T2/d256/s42/trained        vel=+0.356 (cache t=False e=False)
[88/120   1310s] spectral_txc_full/T4/d32/s42/trained         vel=+0.780 (cache t=False e=False)
[89/120   1316s] spectral_txc_full/T4/d64/s42/trained         vel=+0.793 (cache t=False e=False)
[90/120   1347s] spectral_txc_full/T4/d101/s42/trained        vel=+0.755 (cache t=False e=False)
[91/120   1351s] spectral_txc_full/T16/d101/s42/untrained     vel=+0.474 (cache t=False e=False)
[92/120   1353s] spectral_txc_full/T4/d256/s42/trained        vel=+0.753 (cache t=False e=False)
[93/120   1353s] spectral_txc_full/T8/d32/s42/trained         vel=+0.823 (cache t=False e=False)
[94/120   1364s] spectral_txc_full/T8/d101/s42/trained        vel=+0.923 (cache t=False e=False)
[95/120   1365s] spectral_txc_full/T8/d64/s42/trained         vel=+0.932 (cache t=False e=False)
[96/120   1375s] spectral_txc_dcac/T2/d101/s42/untrained      vel=+0.117 (cache t=False e=False)
[97/120   1377s] spectral_txc_full/T8/d256/s42/trained        vel=+0.922 (cache t=False e=False)
[98/120   1378s] spectral_txc_full/T16/d32/s42/trained        vel=+0.883 (cache t=False e=False)
[99/120   1389s] spectral_txc_full/T16/d64/s42/trained        vel=+0.990 (cache t=False e=False)
[100/120   1456s] spectral_txc_full/T16/d256/s42/trained       vel=+0.998 (cache t=False e=False)
[101/120   1457s] spectral_txc_full/T16/d101/s42/trained       vel=+1.000 (cache t=False e=False)
[102/120   1463s] spectral_txc_dcac/T4/d101/s42/untrained      vel=+0.221 (cache t=False e=False)
[103/120   1550s] spectral_txc_dcac/T2/d64/s42/trained         vel=+0.351 (cache t=False e=False)
[104/120   1556s] spectral_txc_dcac/T2/d32/s42/trained         vel=+0.399 (cache t=False e=False)
[105/120   1563s] spectral_txc_dcac/T2/d101/s42/trained        vel=+0.346 (cache t=False e=False)
[106/120   1569s] spectral_txc_dcac/T2/d256/s42/trained        vel=+0.397 (cache t=False e=False)
[107/120   1569s] spectral_txc_dcac/T8/d101/s42/untrained      vel=+0.394 (cache t=False e=False)
[108/120   1593s] spectral_txc_dcac/T4/d64/s42/trained         vel=+0.769 (cache t=False e=False)
[109/120   1595s] spectral_txc_dcac/T4/d32/s42/trained         vel=+0.774 (cache t=False e=False)
[110/120   1598s] spectral_txc_dcac/T4/d101/s42/trained        vel=+0.763 (cache t=False e=False)
[111/120   1602s] spectral_txc_dcac/T16/d101/s42/untrained     vel=+0.386 (cache t=False e=False)
[112/120   1609s] spectral_txc_dcac/T4/d256/s42/trained        vel=+0.758 (cache t=False e=False)
[113/120   1653s] spectral_txc_dcac/T8/d32/s42/trained         vel=+0.923 (cache t=False e=False)
[114/120   1662s] spectral_txc_dcac/T8/d64/s42/trained         vel=+0.936 (cache t=False e=False)
[115/120   1702s] spectral_txc_dcac/T8/d101/s42/trained        vel=+0.920 (cache t=False e=False)
[116/120   1709s] spectral_txc_dcac/T16/d32/s42/trained        vel=+0.777 (cache t=False e=False)
[117/120   1710s] spectral_txc_dcac/T8/d256/s42/trained        vel=+0.925 (cache t=False e=False)
[118/120   1710s] spectral_txc_dcac/T16/d64/s42/trained        vel=+0.997 (cache t=False e=False)
[119/120   1719s] spectral_txc_dcac/T16/d256/s42/trained       vel=+0.993 (cache t=False e=False)
[120/120   1720s] spectral_txc_dcac/T16/d101/s42/trained       vel=+0.999 (cache t=False e=False)
  [train] step=     0 loss=2.1526
  [train] step=   300 loss=2.0384
  [train] step=   600 loss=1.4974
  [train] step=   900 loss=1.3245
  [train] step=  1200 loss=1.3075
  [train] step=  1500 loss=1.3065
  [train] step=  1800 loss=1.3041
  [train] step=  2100 loss=1.2875
  [train] step=  2400 loss=1.2884
  [train] step=  2700 loss=1.2997
  [train] step=  3000 loss=1.3023
  [train] step=  3300 loss=1.2978
  [train] step=  3600 loss=1.2903
  [train] step=  3900 loss=1.2852
  [train] step=  4200 loss=1.2841
  [train] step=  4500 loss=1.2865
  [train] step=  4800 loss=1.2847
  [train] step=  5100 loss=1.2875
  [train] step=  5400 loss=1.2877
  [train] step=  5700 loss=1.2859
  [train] step=  5999 loss=1.2916
  [train] step=     0 loss=2.1320
  [train] step=   300 loss=2.0393
  [train] step=   600 loss=1.6532
  [train] step=   900 loss=1.3866
  [train] step=  1200 loss=1.3382
  [train] step=  1500 loss=1.3322
  [train] step=  1800 loss=1.3380
  [train] step=  2100 loss=1.3246
  [train] step=  2400 loss=1.3301
  [train] step=  2700 loss=1.3328
  [train] step=  3000 loss=1.3393
  [train] step=  3300 loss=1.3345
  [train] step=  3600 loss=1.3179
  [train] step=  3900 loss=1.3179
  [train] step=  4200 loss=1.3214
  [train] step=  4500 loss=1.3253
  [train] step=  4800 loss=1.3189
  [train] step=  5100 loss=1.3225
  [train] step=  5400 loss=1.3254
  [train] step=  5700 loss=1.3250
  [train] step=  5999 loss=1.3203
  [train] step=     0 loss=2.2479
  [train] step=   300 loss=2.0414
  [train] step=   600 loss=1.5081
  [train] step=   900 loss=1.3729
  [train] step=  1200 loss=1.3462
  [train] step=  1500 loss=1.3271
  [train] step=  1800 loss=1.3275
  [train] step=  2100 loss=1.3144
  [train] step=  2400 loss=1.3112
  [train] step=  2700 loss=1.3001
  [train] step=  3000 loss=1.3041
  [train] step=  3300 loss=1.2843
  [train] step=  3600 loss=1.2955
  [train] step=  3900 loss=1.2974
  [train] step=  4200 loss=1.2931
  [train] step=  4500 loss=1.2883
  [train] step=  4800 loss=1.2855
  [train] step=  5100 loss=1.3000
  [train] step=  5400 loss=1.2899
  [train] step=  5700 loss=1.2948
  [train] step=  5999 loss=1.2961
  [train] step=     0 loss=2.1719
  [train] step=   300 loss=1.9424
  [train] step=   600 loss=1.3897
  [train] step=   900 loss=1.3181
  [train] step=  1200 loss=1.2896
  [train] step=  1500 loss=1.2825
  [train] step=  1800 loss=1.2822
  [train] step=  2100 loss=1.2761
  [train] step=  2400 loss=1.2726
  [train] step=  2700 loss=1.2656
  [train] step=  3000 loss=1.2639
  [train] step=  3300 loss=1.2669
  [train] step=  3600 loss=1.2572
  [train] step=  3900 loss=1.2665
  [train] step=  4200 loss=1.2685
  [train] step=  4500 loss=1.2646
  [train] step=  4800 loss=1.2580
  [train] step=  5100 loss=1.2554
  [train] step=  5400 loss=1.2528
  [train] step=  5700 loss=1.2606
  [train] step=  5999 loss=1.2599
  [train] step=     0 loss=2.1865
  [train] step=   300 loss=2.1000
  [train] step=   600 loss=1.6866
  [train] step=   900 loss=1.4225
  [train] step=  1200 loss=1.3712
  [train] step=  1500 loss=1.3403
  [train] step=  1800 loss=1.3312
  [train] step=  2100 loss=1.3329
  [train] step=  2400 loss=1.3318
  [train] step=  2700 loss=1.3228
  [train] step=  3000 loss=1.3351
  [train] step=  3300 loss=1.3210
  [train] step=  3600 loss=1.3244
  [train] step=  3900 loss=1.3369
  [train] step=  4200 loss=1.3281
  [train] step=  4500 loss=1.3250
  [train] step=  4800 loss=1.3167
  [train] step=  5100 loss=1.3289
  [train] step=  5400 loss=1.3310
  [train] step=  5700 loss=1.3160
  [train] step=  5999 loss=1.3174
  [train] step=     0 loss=2.1742
  [train] step=   300 loss=1.9091
  [train] step=   600 loss=1.3923
  [train] step=   900 loss=1.3233
  [train] step=  1200 loss=1.2957
  [train] step=  1500 loss=1.2866
  [train] step=  1800 loss=1.2832
  [train] step=  2100 loss=1.2769
  [train] step=  2400 loss=1.2709
  [train] step=  2700 loss=1.2724
  [train] step=  3000 loss=1.2709
  [train] step=  3300 loss=1.2679
  [train] step=  3600 loss=1.2617
  [train] step=  3900 loss=1.2512
  [train] step=  4200 loss=1.2740
  [train] step=  4500 loss=1.2635
  [train] step=  4800 loss=1.2564
  [train] step=  5100 loss=1.2651
  [train] step=  5400 loss=1.2588
  [train] step=  5700 loss=1.2587
  [train] step=  5999 loss=1.2643
  [train] step=     0 loss=2.2311
  [train] step=   300 loss=2.0184
  [train] step=   600 loss=1.4338
  [train] step=   900 loss=1.3149
  [train] step=  1200 loss=1.2934
  [train] step=  1500 loss=1.3025
  [train] step=  1800 loss=1.2951
  [train] step=  2100 loss=1.2874
  [train] step=  2400 loss=1.2812
  [train] step=  2700 loss=1.2761
  [train] step=  3000 loss=1.2723
  [train] step=  3300 loss=1.2754
  [train] step=  3600 loss=1.2738
  [train] step=  3900 loss=1.2795
  [train] step=  4200 loss=1.2733
  [train] step=  4500 loss=1.2818
  [train] step=  4800 loss=1.2775
  [train] step=  5100 loss=1.2807
  [train] step=  5400 loss=1.2743
  [train] step=  5700 loss=1.2771
  [train] step=  5999 loss=1.2759
  [train] step=     0 loss=2.2273
  [train] step=   300 loss=1.8439
  [train] step=   600 loss=1.3441
  [train] step=   900 loss=1.2895
  [train] step=  1200 loss=1.2783
  [train] step=  1500 loss=1.2848
  [train] step=  1800 loss=1.2834
  [train] step=  2100 loss=1.2761
  [train] step=  2400 loss=1.2838
  [train] step=  2700 loss=1.2747
  [train] step=  3000 loss=1.2733
  [train] step=  3300 loss=1.2719
  [train] step=  3600 loss=1.2699
  [train] step=  3900 loss=1.2696
  [train] step=  4200 loss=1.2693
  [train] step=  4500 loss=1.2752
  [train] step=  4800 loss=1.2683
  [train] step=  5100 loss=1.2686
  [train] step=  5400 loss=1.2697
  [train] step=  5700 loss=1.2653
  [train] step=  5999 loss=1.2584
  [train] step=     0 loss=2.2362
  [train] step=   300 loss=2.0384
  [train] step=   600 loss=1.4575
  [train] step=   900 loss=1.3370
  [train] step=  1200 loss=1.3089
  [train] step=  1500 loss=1.3041
  [train] step=  1800 loss=1.2916
  [train] step=  2100 loss=1.2931
  [train] step=  2400 loss=1.2808
  [train] step=  2700 loss=1.2829
  [train] step=  3000 loss=1.2771
  [train] step=  3300 loss=1.2786
  [train] step=  3600 loss=1.2822
  [train] step=  3900 loss=1.2807
  [train] step=  4200 loss=1.2801
  [train] step=  4500 loss=1.2834
  [train] step=  4800 loss=1.2792
  [train] step=  5100 loss=1.2822
  [train] step=  5400 loss=1.2740
  [train] step=  5700 loss=1.2736
  [train] step=  5999 loss=1.2774
  [train] step=     0 loss=2.1717
  [train] step=   300 loss=1.9558
  [train] step=   600 loss=1.4034
  [train] step=   900 loss=1.3205
  [train] step=  1200 loss=1.2952
  [train] step=  1500 loss=1.2796
  [train] step=  1800 loss=1.2913
  [train] step=  2100 loss=1.2925
  [train] step=  2400 loss=1.2820
  [train] step=  2700 loss=1.2765
  [train] step=  3000 loss=1.2690
  [train] step=  3300 loss=1.2645
  [train] step=  3600 loss=1.2636
  [train] step=  3900 loss=1.2644
  [train] step=  4200 loss=1.2633
  [train] step=  4500 loss=1.2627
  [train] step=  4800 loss=1.2590
  [train] step=  5100 loss=1.2615
  [train] step=  5400 loss=1.2433
  [train] step=  5700 loss=1.2546
  [train] step=  5999 loss=1.2549
  [train] step=     0 loss=2.2075
  [train] step=   300 loss=2.1343
  [train] step=   600 loss=1.7129
  [train] step=   900 loss=1.3994
  [train] step=  1200 loss=1.3443
  [train] step=  1500 loss=1.3289
  [train] step=  1800 loss=1.3399
  [train] step=  2100 loss=1.3161
  [train] step=  2400 loss=1.3181
  [train] step=  2700 loss=1.3304
  [train] step=  3000 loss=1.3364
  [train] step=  3300 loss=1.3325
  [train] step=  3600 loss=1.3143
  [train] step=  3900 loss=1.3153
  [train] step=  4200 loss=1.3150
  [train] step=  4500 loss=1.3205
  [train] step=  4800 loss=1.3085
  [train] step=  5100 loss=1.3341
  [train] step=  5400 loss=1.3169
  [train] step=  5700 loss=1.3200
  [train] step=  5999 loss=1.3118
  [train] step=     0 loss=2.1734
  [train] step=   300 loss=1.9368
  [train] step=   600 loss=1.3969
  [train] step=   900 loss=1.3277
  [train] step=  1200 loss=1.2999
  [train] step=  1500 loss=1.2866
  [train] step=  1800 loss=1.2815
  [train] step=  2100 loss=1.2763
  [train] step=  2400 loss=1.2659
  [train] step=  2700 loss=1.2730
  [train] step=  3000 loss=1.2654
  [train] step=  3300 loss=1.2696
  [train] step=  3600 loss=1.2713
  [train] step=  3900 loss=1.2629
  [train] step=  4200 loss=1.2647
  [train] step=  4500 loss=1.2718
  [train] step=  4800 loss=1.2697
  [train] step=  5100 loss=1.2636
  [train] step=  5400 loss=1.2623
  [train] step=  5700 loss=1.2668
  [train] step=  5999 loss=1.2628
  [train] step=     0 loss=2.2113
  [train] step=   300 loss=1.9866
  [train] step=   600 loss=1.4078
  [train] step=   900 loss=1.3332
  [train] step=  1200 loss=1.2981
  [train] step=  1500 loss=1.2843
  [train] step=  1800 loss=1.2841
  [train] step=  2100 loss=1.2790
  [train] step=  2400 loss=1.2772
  [train] step=  2700 loss=1.2723
  [train] step=  3000 loss=1.2712
  [train] step=  3300 loss=1.2752
  [train] step=  3600 loss=1.2678
  [train] step=  3900 loss=1.2787
  [train] step=  4200 loss=1.2767
  [train] step=  4500 loss=1.2739
  [train] step=  4800 loss=1.2708
  [train] step=  5100 loss=1.2670
  [train] step=  5400 loss=1.2644
  [train] step=  5700 loss=1.2720
  [train] step=  5999 loss=1.2711
  [train] step=     0 loss=2.2154
  [train] step=   300 loss=1.7771
  [train] step=   600 loss=1.3264
  [train] step=   900 loss=1.2969
  [train] step=  1200 loss=1.2846
  [train] step=  1500 loss=1.2796
  [train] step=  1800 loss=1.2715
  [train] step=  2100 loss=1.2735
  [train] step=  2400 loss=1.2707
  [train] step=  2700 loss=1.2707
  [train] step=  3000 loss=1.2676
  [train] step=  3300 loss=1.2686
  [train] step=  3600 loss=1.2678
  [train] step=  3900 loss=1.2692
  [train] step=  4200 loss=1.2619
  [train] step=  4500 loss=1.2616
  [train] step=  4800 loss=1.2649
  [train] step=  5100 loss=1.2608
  [train] step=  5400 loss=1.2634
  [train] step=  5700 loss=1.2591
  [train] step=  5999 loss=1.2664
  [train] step=     0 loss=2.2398
  [train] step=   300 loss=2.0480
  [train] step=   600 loss=1.4387
  [train] step=   900 loss=1.3462
  [train] step=  1200 loss=1.3318
  [train] step=  1500 loss=1.3153
  [train] step=  1800 loss=1.3083
  [train] step=  2100 loss=1.3020
  [train] step=  2400 loss=1.2938
  [train] step=  2700 loss=1.2996
  [train] step=  3000 loss=1.2913
  [train] step=  3300 loss=1.2897
  [train] step=  3600 loss=1.2878
  [train] step=  3900 loss=1.2704
  [train] step=  4200 loss=1.2959
  [train] step=  4500 loss=1.2873
  [train] step=  4800 loss=1.2783
  [train] step=  5100 loss=1.2868
  [train] step=  5400 loss=1.2832
  [train] step=  5700 loss=1.2818
  [train] step=  5999 loss=1.2876
  [train] step=     0 loss=2.1901
  [train] step=   300 loss=2.0535
  [train] step=   600 loss=1.5632
  [train] step=   900 loss=1.3620
  [train] step=  1200 loss=1.3163
  [train] step=  1500 loss=1.3092
  [train] step=  1800 loss=1.2977
  [train] step=  2100 loss=1.3031
  [train] step=  2400 loss=1.2971
  [train] step=  2700 loss=1.2910
  [train] step=  3000 loss=1.2985
  [train] step=  3300 loss=1.2806
  [train] step=  3600 loss=1.2824
  [train] step=  3900 loss=1.2906
  [train] step=  4200 loss=1.2953
  [train] step=  4500 loss=1.2870
  [train] step=  4800 loss=1.2866
  [train] step=  5100 loss=1.2793
  [train] step=  5400 loss=1.2936
  [train] step=  5700 loss=1.2922
  [train] step=  5999 loss=1.2936
  [train] step=     0 loss=2.2531
  [train] step=   300 loss=1.9051
  [train] step=   600 loss=1.4038
  [train] step=   900 loss=1.3120
  [train] step=  1200 loss=1.2925
  [train] step=  1500 loss=1.2922
  [train] step=  1800 loss=1.2919
  [train] step=  2100 loss=1.2833
  [train] step=  2400 loss=1.2911
  [train] step=  2700 loss=1.2834
  [train] step=  3000 loss=1.2813
  [train] step=  3300 loss=1.2792
  [train] step=  3600 loss=1.2773
  [train] step=  3900 loss=1.2778
  [train] step=  4200 loss=1.2783
  [train] step=  4500 loss=1.2822
  [train] step=  4800 loss=1.2774
  [train] step=  5100 loss=1.2774
  [train] step=  5400 loss=1.2779
  [train] step=  5700 loss=1.2757
  [train] step=  5999 loss=1.2667
  [train] step=     0 loss=2.1961
  [train] step=   300 loss=2.0036
  [train] step=   600 loss=1.4830
  [train] step=   900 loss=1.3630
  [train] step=  1200 loss=1.3123
  [train] step=  1500 loss=1.3157
  [train] step=  1800 loss=1.3022
  [train] step=  2100 loss=1.2872
  [train] step=  2400 loss=1.2778
  [train] step=  2700 loss=1.2668
  [train] step=  3000 loss=1.2650
  [train] step=  3300 loss=1.2715
  [train] step=  3600 loss=1.2679
  [train] step=  3900 loss=1.2742
  [train] step=  4200 loss=1.2678
  [train] step=  4500 loss=1.2762
  [train] step=  4800 loss=1.2730
  [train] step=  5100 loss=1.2759
  [train] step=  5400 loss=1.2665
  [train] step=  5700 loss=1.2699
  [train] step=  5999 loss=1.2670
  [train] step=     0 loss=2.1987
  [train] step=   300 loss=1.9756
  [train] step=   600 loss=1.4284
  [train] step=   900 loss=1.3207
  [train] step=  1200 loss=1.2936
  [train] step=  1500 loss=1.2821
  [train] step=  1800 loss=1.2916
  [train] step=  2100 loss=1.2914
  [train] step=  2400 loss=1.2793
  [train] step=  2700 loss=1.2746
  [train] step=  3000 loss=1.2719
  [train] step=  3300 loss=1.2657
  [train] step=  3600 loss=1.2640
  [train] step=  3900 loss=1.2695
  [train] step=  4200 loss=1.2691
  [train] step=  4500 loss=1.2748
  [train] step=  4800 loss=1.2701
  [train] step=  5100 loss=1.2713
  [train] step=  5400 loss=1.2527
  [train] step=  5700 loss=1.2650
  [train] step=  5999 loss=1.2646
  [train] step=     0 loss=2.1868
  [train] step=   300 loss=1.8951
  [train] step=   600 loss=1.3537
  [train] step=   900 loss=1.3009
  [train] step=  1200 loss=1.2876
  [train] step=  1500 loss=1.2806
  [train] step=  1800 loss=1.2740
  [train] step=  2100 loss=1.2735
  [train] step=  2400 loss=1.2625
  [train] step=  2700 loss=1.2700
  [train] step=  3000 loss=1.2612
  [train] step=  3300 loss=1.2639
  [train] step=  3600 loss=1.2655
  [train] step=  3900 loss=1.2578
  [train] step=  4200 loss=1.2566
  [train] step=  4500 loss=1.2617
  [train] step=  4800 loss=1.2609
  [train] step=  5100 loss=1.2554
  [train] step=  5400 loss=1.2535
  [train] step=  5700 loss=1.2600
  [train] step=  5999 loss=1.2541
  [train] step=     0 loss=2.1355
  [train] step=   300 loss=1.9497
  [train] step=   600 loss=1.4779
  [train] step=   900 loss=1.3573
  [train] step=  1200 loss=1.2957
  [train] step=  1500 loss=1.2828
  [train] step=  1800 loss=1.2890
  [train] step=  2100 loss=1.2890
  [train] step=  2400 loss=1.2793
  [train] step=  2700 loss=1.2702
  [train] step=  3000 loss=1.2661
  [train] step=  3300 loss=1.2603
  [train] step=  3600 loss=1.2596
  [train] step=  3900 loss=1.2656
  [train] step=  4200 loss=1.2646
  [train] step=  4500 loss=1.2679
  [train] step=  4800 loss=1.2641
  [train] step=  5100 loss=1.2673
  [train] step=  5400 loss=1.2526
  [train] step=  5700 loss=1.2633
  [train] step=  5999 loss=1.2644
  [train] step=     0 loss=2.1409
  [train] step=   300 loss=2.0176
  [train] step=   600 loss=1.5562
  [train] step=   900 loss=1.3415
  [train] step=  1200 loss=1.3104
  [train] step=  1500 loss=1.3041
  [train] step=  1800 loss=1.2905
  [train] step=  2100 loss=1.2983
  [train] step=  2400 loss=1.2917
  [train] step=  2700 loss=1.2836
  [train] step=  3000 loss=1.2940
  [train] step=  3300 loss=1.2838
  [train] step=  3600 loss=1.2847
  [train] step=  3900 loss=1.2963
  [train] step=  4200 loss=1.2875
  [train] step=  4500 loss=1.2891
  [train] step=  4800 loss=1.2820
  [train] step=  5100 loss=1.2842
  [train] step=  5400 loss=1.2879
  [train] step=  5700 loss=1.2811
  [train] step=  5999 loss=1.2829
  [train] step=     0 loss=2.2182
  [train] step=   300 loss=1.8743
  [train] step=   600 loss=1.3627
  [train] step=   900 loss=1.3043
  [train] step=  1200 loss=1.2914
  [train] step=  1500 loss=1.2835
  [train] step=  1800 loss=1.2820
  [train] step=  2100 loss=1.2783
  [train] step=  2400 loss=1.2706
  [train] step=  2700 loss=1.2713
  [train] step=  3000 loss=1.2723
  [train] step=  3300 loss=1.2703
  [train] step=  3600 loss=1.2623
  [train] step=  3900 loss=1.2543
  [train] step=  4200 loss=1.2758
  [train] step=  4500 loss=1.2668
  [train] step=  4800 loss=1.2586
  [train] step=  5100 loss=1.2674
  [train] step=  5400 loss=1.2622
  [train] step=  5700 loss=1.2618
  [train] step=  5999 loss=1.2676
  [train] step=     0 loss=2.1892
  [train] step=   300 loss=1.9962
  [train] step=   600 loss=1.4868
  [train] step=   900 loss=1.3680
  [train] step=  1200 loss=1.3164
  [train] step=  1500 loss=1.2930
  [train] step=  1800 loss=1.2957
  [train] step=  2100 loss=1.2863
  [train] step=  2400 loss=1.2815
  [train] step=  2700 loss=1.2735
  [train] step=  3000 loss=1.2736
  [train] step=  3300 loss=1.2786
  [train] step=  3600 loss=1.2689
  [train] step=  3900 loss=1.2807
  [train] step=  4200 loss=1.2791
  [train] step=  4500 loss=1.2758
  [train] step=  4800 loss=1.2710
  [train] step=  5100 loss=1.2690
  [train] step=  5400 loss=1.2628
  [train] step=  5700 loss=1.2724
  [train] step=  5999 loss=1.2713
  [train] step=     0 loss=2.2150
  [train] step=   300 loss=2.0752
  [train] step=   600 loss=1.6181
  [train] step=   900 loss=1.3373
  [train] step=  1200 loss=1.3036
  [train] step=  1500 loss=1.3020
  [train] step=  1800 loss=1.2942
  [train] step=  2100 loss=1.3025
  [train] step=  2400 loss=1.2945
  [train] step=  2700 loss=1.2869
  [train] step=  3000 loss=1.2969
  [train] step=  3300 loss=1.2797
  [train] step=  3600 loss=1.2832
  [train] step=  3900 loss=1.2910
  [train] step=  4200 loss=1.2953
  [train] step=  4500 loss=1.2856
  [train] step=  4800 loss=1.2870
  [train] step=  5100 loss=1.2799
  [train] step=  5400 loss=1.2927
  [train] step=  5700 loss=1.2914
  [train] step=  5999 loss=1.2936
  [train] step=     0 loss=2.2043
  [train] step=   300 loss=1.9786
  [train] step=   600 loss=1.4126
  [train] step=   900 loss=1.3155
  [train] step=  1200 loss=1.2881
  [train] step=  1500 loss=1.2961
  [train] step=  1800 loss=1.2875
  [train] step=  2100 loss=1.2793
  [train] step=  2400 loss=1.2760
  [train] step=  2700 loss=1.2689
  [train] step=  3000 loss=1.2637
  [train] step=  3300 loss=1.2694
  [train] step=  3600 loss=1.2682
  [train] step=  3900 loss=1.2726
  [train] step=  4200 loss=1.2658
  [train] step=  4500 loss=1.2732
  [train] step=  4800 loss=1.2695
  [train] step=  5100 loss=1.2713
  [train] step=  5400 loss=1.2631
  [train] step=  5700 loss=1.2671
  [train] step=  5999 loss=1.2651
  [train] step=     0 loss=2.2062
  [train] step=   300 loss=2.1143
  [train] step=   600 loss=1.6878
  [train] step=   900 loss=1.3989
  [train] step=  1200 loss=1.3516
  [train] step=  1500 loss=1.3374
  [train] step=  1800 loss=1.3251
  [train] step=  2100 loss=1.3379
  [train] step=  2400 loss=1.3327
  [train] step=  2700 loss=1.3250
  [train] step=  3000 loss=1.3345
  [train] step=  3300 loss=1.3068
  [train] step=  3600 loss=1.3141
  [train] step=  3900 loss=1.3274
  [train] step=  4200 loss=1.3337
  [train] step=  4500 loss=1.3148
  [train] step=  4800 loss=1.3199
  [train] step=  5100 loss=1.3171
  [train] step=  5400 loss=1.3208
  [train] step=  5700 loss=1.3303
  [train] step=  5999 loss=1.3344
  [train] step=     0 loss=2.1578
  [train] step=   300 loss=1.8474
  [train] step=   600 loss=1.3976
  [train] step=   900 loss=1.3099
  [train] step=  1200 loss=1.2858
  [train] step=  1500 loss=1.2786
  [train] step=  1800 loss=1.2673
  [train] step=  2100 loss=1.2762
  [train] step=  2400 loss=1.2654
  [train] step=  2700 loss=1.2665
  [train] step=  3000 loss=1.2621
  [train] step=  3300 loss=1.2613
  [train] step=  3600 loss=1.2649
  [train] step=  3900 loss=1.2635
  [train] step=  4200 loss=1.2632
  [train] step=  4500 loss=1.2644
  [train] step=  4800 loss=1.2588
  [train] step=  5100 loss=1.2618
  [train] step=  5400 loss=1.2550
  [train] step=  5700 loss=1.2546
  [train] step=  5999 loss=1.2561
  [train] step=     0 loss=2.1900
  [train] step=   300 loss=2.0709
  [train] step=   600 loss=1.5521
  [train] step=   900 loss=1.3508
  [train] step=  1200 loss=1.3189
  [train] step=  1500 loss=1.3074
  [train] step=  1800 loss=1.3059
  [train] step=  2100 loss=1.2886
  [train] step=  2400 loss=1.2918
  [train] step=  2700 loss=1.2973
  [train] step=  3000 loss=1.3023
  [train] step=  3300 loss=1.2967
  [train] step=  3600 loss=1.2888
  [train] step=  3900 loss=1.2866
  [train] step=  4200 loss=1.2834
  [train] step=  4500 loss=1.2876
  [train] step=  4800 loss=1.2845
  [train] step=  5100 loss=1.2909
  [train] step=  5400 loss=1.2907
  [train] step=  5700 loss=1.2885
  [train] step=  5999 loss=1.2907
  [train] step=     0 loss=2.1649
  [train] step=   300 loss=2.0715
  [train] step=   600 loss=1.6438
  [train] step=   900 loss=1.3896
  [train] step=  1200 loss=1.3359
  [train] step=  1500 loss=1.3260
  [train] step=  1800 loss=1.3305
  [train] step=  2100 loss=1.3136
  [train] step=  2400 loss=1.3156
  [train] step=  2700 loss=1.3294
  [train] step=  3000 loss=1.3358
  [train] step=  3300 loss=1.3315
  [train] step=  3600 loss=1.3139
  [train] step=  3900 loss=1.3170
  [train] step=  4200 loss=1.3206
  [train] step=  4500 loss=1.3202
  [train] step=  4800 loss=1.3126
  [train] step=  5100 loss=1.3244
  [train] step=  5400 loss=1.3142
  [train] step=  5700 loss=1.3196
  [train] step=  5999 loss=1.3176
  [train] step=     0 loss=2.2233
  [train] step=   300 loss=1.9285
  [train] step=   600 loss=1.4176
  [train] step=   900 loss=1.3187
  [train] step=  1200 loss=1.2925
  [train] step=  1500 loss=1.2827
  [train] step=  1800 loss=1.2920
  [train] step=  2100 loss=1.2838
  [train] step=  2400 loss=1.2820
  [train] step=  2700 loss=1.2821
  [train] step=  3000 loss=1.2847
  [train] step=  3300 loss=1.2686
  [train] step=  3600 loss=1.2786
  [train] step=  3900 loss=1.2812
  [train] step=  4200 loss=1.2801
  [train] step=  4500 loss=1.2733
  [train] step=  4800 loss=1.2729
  [train] step=  5100 loss=1.2843
  [train] step=  5400 loss=1.2755
  [train] step=  5700 loss=1.2815
  [train] step=  5999 loss=1.2795
  [train] step=     0 loss=2.1980
  [train] step=   300 loss=1.9788
  [train] step=   600 loss=1.4126
  [train] step=   900 loss=1.3336
  [train] step=  1200 loss=1.3001
  [train] step=  1500 loss=1.2854
  [train] step=  1800 loss=1.2864
  [train] step=  2100 loss=1.2816
  [train] step=  2400 loss=1.2781
  [train] step=  2700 loss=1.2730
  [train] step=  3000 loss=1.2722
  [train] step=  3300 loss=1.2760
  [train] step=  3600 loss=1.2668
  [train] step=  3900 loss=1.2769
  [train] step=  4200 loss=1.2755
  [train] step=  4500 loss=1.2741
  [train] step=  4800 loss=1.2679
  [train] step=  5100 loss=1.2677
  [train] step=  5400 loss=1.2619
  [train] step=  5700 loss=1.2696
  [train] step=  5999 loss=1.2665
  [train] step=     0 loss=2.1638
  [train] step=   300 loss=2.0598
  [train] step=   600 loss=1.6681
  [train] step=   900 loss=1.4284
  [train] step=  1200 loss=1.3559
  [train] step=  1500 loss=1.3358
  [train] step=  1800 loss=1.3270
  [train] step=  2100 loss=1.3274
  [train] step=  2400 loss=1.3275
  [train] step=  2700 loss=1.3260
  [train] step=  3000 loss=1.3376
  [train] step=  3300 loss=1.3229
  [train] step=  3600 loss=1.3287
  [train] step=  3900 loss=1.3324
  [train] step=  4200 loss=1.3258
  [train] step=  4500 loss=1.3306
  [train] step=  4800 loss=1.3233
  [train] step=  5100 loss=1.3314
  [train] step=  5400 loss=1.3303
  [train] step=  5700 loss=1.3179
  [train] step=  5999 loss=1.3238
  [train] step=     0 loss=2.1554
  [train] step=   300 loss=1.8674
  [train] step=   600 loss=1.3792
  [train] step=   900 loss=1.3175
  [train] step=  1200 loss=1.2993
  [train] step=  1500 loss=1.2829
  [train] step=  1800 loss=1.2851
  [train] step=  2100 loss=1.2755
  [train] step=  2400 loss=1.2710
  [train] step=  2700 loss=1.2717
  [train] step=  3000 loss=1.2673
  [train] step=  3300 loss=1.2664
  [train] step=  3600 loss=1.2598
  [train] step=  3900 loss=1.2488
  [train] step=  4200 loss=1.2695
  [train] step=  4500 loss=1.2596
  [train] step=  4800 loss=1.2502
  [train] step=  5100 loss=1.2595
  [train] step=  5400 loss=1.2564
  [train] step=  5700 loss=1.2531
  [train] step=  5999 loss=1.2589
  [train] step=     0 loss=2.2162
  [train] step=   300 loss=1.9997
  [train] step=   600 loss=1.4324
  [train] step=   900 loss=1.3233
  [train] step=  1200 loss=1.2923
  [train] step=  1500 loss=1.3025
  [train] step=  1800 loss=1.2930
  [train] step=  2100 loss=1.2870
  [train] step=  2400 loss=1.2795
  [train] step=  2700 loss=1.2752
  [train] step=  3000 loss=1.2681
  [train] step=  3300 loss=1.2720
  [train] step=  3600 loss=1.2693
  [train] step=  3900 loss=1.2770
  [train] step=  4200 loss=1.2700
  [train] step=  4500 loss=1.2775
  [train] step=  4800 loss=1.2738
  [train] step=  5100 loss=1.2757
  [train] step=  5400 loss=1.2684
  [train] step=  5700 loss=1.2712
  [train] step=  5999 loss=1.2689
  [train] step=     0 loss=2.2011
  [train] step=   300 loss=1.7638
  [train] step=   600 loss=1.3159
  [train] step=   900 loss=1.2891
  [train] step=  1200 loss=1.2779
  [train] step=  1500 loss=1.2821
  [train] step=  1800 loss=1.2798
  [train] step=  2100 loss=1.2719
  [train] step=  2400 loss=1.2778
  [train] step=  2700 loss=1.2697
  [train] step=  3000 loss=1.2685
  [train] step=  3300 loss=1.2646
  [train] step=  3600 loss=1.2620
  [train] step=  3900 loss=1.2618
  [train] step=  4200 loss=1.2600
  [train] step=  4500 loss=1.2649
  [train] step=  4800 loss=1.2587
  [train] step=  5100 loss=1.2580
  [train] step=  5400 loss=1.2587
  [train] step=  5700 loss=1.2518
  [train] step=  5999 loss=1.2463
  [train] step=     0 loss=2.2094
  [train] step=   300 loss=1.9259
  [train] step=   600 loss=1.4202
  [train] step=   900 loss=1.3170
  [train] step=  1200 loss=1.2863
  [train] step=  1500 loss=1.2821
  [train] step=  1800 loss=1.2756
  [train] step=  2100 loss=1.2798
  [train] step=  2400 loss=1.2708
  [train] step=  2700 loss=1.2729
  [train] step=  3000 loss=1.2714
  [train] step=  3300 loss=1.2714
  [train] step=  3600 loss=1.2758
  [train] step=  3900 loss=1.2758
  [train] step=  4200 loss=1.2743
  [train] step=  4500 loss=1.2771
  [train] step=  4800 loss=1.2714
  [train] step=  5100 loss=1.2755
  [train] step=  5400 loss=1.2668
  [train] step=  5700 loss=1.2671
  [train] step=  5999 loss=1.2682
  [train] step=     0 loss=2.2120
  [train] step=   300 loss=1.9946
  [train] step=   600 loss=1.4515
  [train] step=   900 loss=1.3236
  [train] step=  1200 loss=1.2906
  [train] step=  1500 loss=1.2827
  [train] step=  1800 loss=1.2932
  [train] step=  2100 loss=1.2937
  [train] step=  2400 loss=1.2840
  [train] step=  2700 loss=1.2782
  [train] step=  3000 loss=1.2746
  [train] step=  3300 loss=1.2675
  [train] step=  3600 loss=1.2666
  [train] step=  3900 loss=1.2703
  [train] step=  4200 loss=1.2703
  [train] step=  4500 loss=1.2750
  [train] step=  4800 loss=1.2700
  [train] step=  5100 loss=1.2727
  [train] step=  5400 loss=1.2545
  [train] step=  5700 loss=1.2672
  [train] step=  5999 loss=1.2664
  [train] step=     0 loss=2.2452
  [train] step=   300 loss=1.7751
  [train] step=   600 loss=1.3843
  [train] step=   900 loss=1.3037
  [train] step=  1200 loss=1.2890
  [train] step=  1500 loss=1.2856
  [train] step=  1800 loss=1.2899
  [train] step=  2100 loss=1.2833
  [train] step=  2400 loss=1.2821
  [train] step=  2700 loss=1.2783
  [train] step=  3000 loss=1.2836
  [train] step=  3300 loss=1.2710
  [train] step=  3600 loss=1.2819
  [train] step=  3900 loss=1.2831
  [train] step=  4200 loss=1.2832
  [train] step=  4500 loss=1.2759
  [train] step=  4800 loss=1.2755
  [train] step=  5100 loss=1.2847
  [train] step=  5400 loss=1.2779
  [train] step=  5700 loss=1.2841
  [train] step=  5999 loss=1.2827
  [train] step=     0 loss=2.1742
  [train] step=   300 loss=1.9923
  [train] step=   600 loss=1.4774
  [train] step=   900 loss=1.3630
  [train] step=  1200 loss=1.3254
  [train] step=  1500 loss=1.3054
  [train] step=  1800 loss=1.2981
  [train] step=  2100 loss=1.2912
  [train] step=  2400 loss=1.2832
  [train] step=  2700 loss=1.2753
  [train] step=  3000 loss=1.2725
  [train] step=  3300 loss=1.2682
  [train] step=  3600 loss=1.2657
  [train] step=  3900 loss=1.2706
  [train] step=  4200 loss=1.2676
  [train] step=  4500 loss=1.2710
  [train] step=  4800 loss=1.2703
  [train] step=  5100 loss=1.2724
  [train] step=  5400 loss=1.2553
  [train] step=  5700 loss=1.2677
  [train] step=  5999 loss=1.2699
  [train] step=     0 loss=2.1914
  [train] step=   300 loss=2.0653
  [train] step=   600 loss=1.6378
  [train] step=   900 loss=1.4023
  [train] step=  1200 loss=1.3371
  [train] step=  1500 loss=1.3106
  [train] step=  1800 loss=1.2871
  [train] step=  2100 loss=1.2947
  [train] step=  2400 loss=1.2886
  [train] step=  2700 loss=1.2812
  [train] step=  3000 loss=1.2947
  [train] step=  3300 loss=1.2813
  [train] step=  3600 loss=1.2874
  [train] step=  3900 loss=1.2950
  [train] step=  4200 loss=1.2874
  [train] step=  4500 loss=1.2856
  [train] step=  4800 loss=1.2808
  [train] step=  5100 loss=1.2835
  [train] step=  5400 loss=1.2873
  [train] step=  5700 loss=1.2826
  [train] step=  5999 loss=1.2826
  [train] step=     0 loss=2.2471
  [train] step=   300 loss=1.9303
  [train] step=   600 loss=1.4652
  [train] step=   900 loss=1.3318
  [train] step=  1200 loss=1.3054
  [train] step=  1500 loss=1.2955
  [train] step=  1800 loss=1.2911
  [train] step=  2100 loss=1.2830
  [train] step=  2400 loss=1.2761
  [train] step=  2700 loss=1.2777
  [train] step=  3000 loss=1.2752
  [train] step=  3300 loss=1.2748
  [train] step=  3600 loss=1.2683
  [train] step=  3900 loss=1.2587
  [train] step=  4200 loss=1.2812
  [train] step=  4500 loss=1.2715
  [train] step=  4800 loss=1.2635
  [train] step=  5100 loss=1.2735
  [train] step=  5400 loss=1.2684
  [train] step=  5700 loss=1.2683
  [train] step=  5999 loss=1.2733
  [train] step=     0 loss=2.1506
  [train] step=   300 loss=2.0446
  [train] step=   600 loss=1.6422
  [train] step=   900 loss=1.3937
  [train] step=  1200 loss=1.3502
  [train] step=  1500 loss=1.3360
  [train] step=  1800 loss=1.3236
  [train] step=  2100 loss=1.3222
  [train] step=  2400 loss=1.3246
  [train] step=  2700 loss=1.3119
  [train] step=  3000 loss=1.3303
  [train] step=  3300 loss=1.3184
  [train] step=  3600 loss=1.3130
  [train] step=  3900 loss=1.3251
  [train] step=  4200 loss=1.3219
  [train] step=  4500 loss=1.3207
  [train] step=  4800 loss=1.3166
  [train] step=  5100 loss=1.3240
  [train] step=  5400 loss=1.3270
  [train] step=  5700 loss=1.3118
  [train] step=  5999 loss=1.3137
  [train] step=     0 loss=2.2629
  [train] step=   300 loss=2.0857
  [train] step=   600 loss=1.5046
  [train] step=   900 loss=1.3651
  [train] step=  1200 loss=1.3217
  [train] step=  1500 loss=1.3074
  [train] step=  1800 loss=1.2948
  [train] step=  2100 loss=1.2892
  [train] step=  2400 loss=1.2877
  [train] step=  2700 loss=1.2827
  [train] step=  3000 loss=1.2810
  [train] step=  3300 loss=1.2815
  [train] step=  3600 loss=1.2836
  [train] step=  3900 loss=1.2848
  [train] step=  4200 loss=1.2771
  [train] step=  4500 loss=1.2764
  [train] step=  4800 loss=1.2837
  [train] step=  5100 loss=1.2790
  [train] step=  5400 loss=1.2812
  [train] step=  5700 loss=1.2788
  [train] step=  5999 loss=1.2891
  [train] step=     0 loss=2.2489
  [train] step=   300 loss=1.9293
  [train] step=   600 loss=1.4655
  [train] step=   900 loss=1.3194
  [train] step=  1200 loss=1.2895
  [train] step=  1500 loss=1.2842
  [train] step=  1800 loss=1.2743
  [train] step=  2100 loss=1.2807
  [train] step=  2400 loss=1.2737
  [train] step=  2700 loss=1.2771
  [train] step=  3000 loss=1.2729
  [train] step=  3300 loss=1.2763
  [train] step=  3600 loss=1.2800
  [train] step=  3900 loss=1.2805
  [train] step=  4200 loss=1.2761
  [train] step=  4500 loss=1.2810
  [train] step=  4800 loss=1.2741
  [train] step=  5100 loss=1.2779
  [train] step=  5400 loss=1.2712
  [train] step=  5700 loss=1.2700
  [train] step=  5999 loss=1.2719
  [train] step=     0 loss=2.1783
  [train] step=   300 loss=2.0799
  [train] step=   600 loss=1.6576
  [train] step=   900 loss=1.3917
  [train] step=  1200 loss=1.3541
  [train] step=  1500 loss=1.3372
  [train] step=  1800 loss=1.3384
  [train] step=  2100 loss=1.3524
  [train] step=  2400 loss=1.3401
  [train] step=  2700 loss=1.3398
  [train] step=  3000 loss=1.3496
  [train] step=  3300 loss=1.3236
  [train] step=  3600 loss=1.3377
  [train] step=  3900 loss=1.3410
  [train] step=  4200 loss=1.3400
  [train] step=  4500 loss=1.3275
  [train] step=  4800 loss=1.3351
  [train] step=  5100 loss=1.3240
  [train] step=  5400 loss=1.3353
  [train] step=  5700 loss=1.3425
  [train] step=  5999 loss=1.3538
  [train] step=     0 loss=2.2145
  [train] step=   300 loss=1.9492
  [train] step=   600 loss=1.4117
  [train] step=   900 loss=1.3181
  [train] step=  1200 loss=1.2879
  [train] step=  1500 loss=1.2891
  [train] step=  1800 loss=1.2876
  [train] step=  2100 loss=1.2779
  [train] step=  2400 loss=1.2849
  [train] step=  2700 loss=1.2764
  [train] step=  3000 loss=1.2736
  [train] step=  3300 loss=1.2723
  [train] step=  3600 loss=1.2691
  [train] step=  3900 loss=1.2707
  [train] step=  4200 loss=1.2726
  [train] step=  4500 loss=1.2759
  [train] step=  4800 loss=1.2683
  [train] step=  5100 loss=1.2678
  [train] step=  5400 loss=1.2703
  [train] step=  5700 loss=1.2658
  [train] step=  5999 loss=1.2585
  [train] step=     0 loss=2.2428
  [train] step=   300 loss=1.9692
  [train] step=   600 loss=1.4687
  [train] step=   900 loss=1.3276
  [train] step=  1200 loss=1.3013
  [train] step=  1500 loss=1.2889
  [train] step=  1800 loss=1.2821
  [train] step=  2100 loss=1.2816
  [train] step=  2400 loss=1.2713
  [train] step=  2700 loss=1.2760
  [train] step=  3000 loss=1.2680
  [train] step=  3300 loss=1.2764
  [train] step=  3600 loss=1.2779
  [train] step=  3900 loss=1.2706
  [train] step=  4200 loss=1.2710
  [train] step=  4500 loss=1.2784
  [train] step=  4800 loss=1.2770
  [train] step=  5100 loss=1.2709
  [train] step=  5400 loss=1.2707
  [train] step=  5700 loss=1.2757
  [train] step=  5999 loss=1.2711
  [train] step=     0 loss=2.2126
  [train] step=   300 loss=1.9168
  [train] step=   600 loss=1.3652
  [train] step=   900 loss=1.3040
  [train] step=  1200 loss=1.2878
  [train] step=  1500 loss=1.2800
  [train] step=  1800 loss=1.2767
  [train] step=  2100 loss=1.2756
  [train] step=  2400 loss=1.2674
  [train] step=  2700 loss=1.2734
  [train] step=  3000 loss=1.2638
  [train] step=  3300 loss=1.2713
  [train] step=  3600 loss=1.2728
  [train] step=  3900 loss=1.2659
  [train] step=  4200 loss=1.2667
  [train] step=  4500 loss=1.2724
  [train] step=  4800 loss=1.2697
  [train] step=  5100 loss=1.2635
  [train] step=  5400 loss=1.2646
  [train] step=  5700 loss=1.2680
  [train] step=  5999 loss=1.2655
  [train] step=     0 loss=2.2265
  [train] step=   300 loss=2.0714
  [train] step=   600 loss=1.4653
  [train] step=   900 loss=1.3356
  [train] step=  1200 loss=1.3152
  [train] step=  1500 loss=1.3048
  [train] step=  1800 loss=1.2938
  [train] step=  2100 loss=1.2904
  [train] step=  2400 loss=1.2785
  [train] step=  2700 loss=1.2848
  [train] step=  3000 loss=1.2784
  [train] step=  3300 loss=1.2812
  [train] step=  3600 loss=1.2835
  [train] step=  3900 loss=1.2764
  [train] step=  4200 loss=1.2765
  [train] step=  4500 loss=1.2843
  [train] step=  4800 loss=1.2837
  [train] step=  5100 loss=1.2803
  [train] step=  5400 loss=1.2769
  [train] step=  5700 loss=1.2822
  [train] step=  5999 loss=1.2763
  [train] step=     0 loss=2.1574
  [train] step=   300 loss=2.0368
  [train] step=   600 loss=1.5380
  [train] step=   900 loss=1.3347
  [train] step=  1200 loss=1.2984
  [train] step=  1500 loss=1.2958
  [train] step=  1800 loss=1.2841
  [train] step=  2100 loss=1.2922
  [train] step=  2400 loss=1.2877
  [train] step=  2700 loss=1.2815
  [train] step=  3000 loss=1.2938
  [train] step=  3300 loss=1.2809
  [train] step=  3600 loss=1.2854
  [train] step=  3900 loss=1.2947
  [train] step=  4200 loss=1.2861
  [train] step=  4500 loss=1.2869
  [train] step=  4800 loss=1.2803
  [train] step=  5100 loss=1.2849
  [train] step=  5400 loss=1.2864
  [train] step=  5700 loss=1.2817
  [train] step=  5999 loss=1.2841
  [train] step=     0 loss=2.1961
  [train] step=   300 loss=1.8450
  [train] step=   600 loss=1.3429
  [train] step=   900 loss=1.2984
  [train] step=  1200 loss=1.2885
  [train] step=  1500 loss=1.2809
  [train] step=  1800 loss=1.2796
  [train] step=  2100 loss=1.2708
  [train] step=  2400 loss=1.2662
  [train] step=  2700 loss=1.2669
  [train] step=  3000 loss=1.2639
  [train] step=  3300 loss=1.2602
  [train] step=  3600 loss=1.2558
  [train] step=  3900 loss=1.2448
  [train] step=  4200 loss=1.2684
  [train] step=  4500 loss=1.2582
  [train] step=  4800 loss=1.2504
  [train] step=  5100 loss=1.2554
  [train] step=  5400 loss=1.2508
  [train] step=  5700 loss=1.2510
  [train] step=  5999 loss=1.2571
  [train] step=     0 loss=2.1297
  [train] step=   300 loss=2.0290
  [train] step=   600 loss=1.6267
  [train] step=   900 loss=1.3896
  [train] step=  1200 loss=1.3476
  [train] step=  1500 loss=1.3394
  [train] step=  1800 loss=1.3228
  [train] step=  2100 loss=1.3164
  [train] step=  2400 loss=1.3193
  [train] step=  2700 loss=1.3154
  [train] step=  3000 loss=1.3277
  [train] step=  3300 loss=1.3090
  [train] step=  3600 loss=1.3200
  [train] step=  3900 loss=1.3304
  [train] step=  4200 loss=1.3140
  [train] step=  4500 loss=1.3239
  [train] step=  4800 loss=1.3099
  [train] step=  5100 loss=1.3245
  [train] step=  5400 loss=1.3194
  [train] step=  5700 loss=1.3052
  [train] step=  5999 loss=1.3129
  [train] step=     0 loss=2.2341
  [train] step=   300 loss=1.9469
  [train] step=   600 loss=1.4097
  [train] step=   900 loss=1.3179
  [train] step=  1200 loss=1.2922
  [train] step=  1500 loss=1.2842
  [train] step=  1800 loss=1.2782
  [train] step=  2100 loss=1.2754
  [train] step=  2400 loss=1.2774
  [train] step=  2700 loss=1.2752
  [train] step=  3000 loss=1.2733
  [train] step=  3300 loss=1.2757
  [train] step=  3600 loss=1.2762
  [train] step=  3900 loss=1.2768
  [train] step=  4200 loss=1.2687
  [train] step=  4500 loss=1.2695
  [train] step=  4800 loss=1.2739
  [train] step=  5100 loss=1.2690
  [train] step=  5400 loss=1.2725
  [train] step=  5700 loss=1.2685
  [train] step=  5999 loss=1.2790
  [train] step=     0 loss=2.1769
  [train] step=   300 loss=1.9511
  [train] step=   600 loss=1.4064
  [train] step=   900 loss=1.3124
  [train] step=  1200 loss=1.2928
  [train] step=  1500 loss=1.2980
  [train] step=  1800 loss=1.2907
  [train] step=  2100 loss=1.2825
  [train] step=  2400 loss=1.2779
  [train] step=  2700 loss=1.2699
  [train] step=  3000 loss=1.2656
  [train] step=  3300 loss=1.2651
  [train] step=  3600 loss=1.2644
  [train] step=  3900 loss=1.2671
  [train] step=  4200 loss=1.2575
  [train] step=  4500 loss=1.2663
  [train] step=  4800 loss=1.2628
  [train] step=  5100 loss=1.2625
  [train] step=  5400 loss=1.2555
  [train] step=  5700 loss=1.2574
  [train] step=  5999 loss=1.2561
  [train] step=     0 loss=2.1862
  [train] step=   300 loss=2.0818
  [train] step=   600 loss=1.6737
  [train] step=   900 loss=1.3909
  [train] step=  1200 loss=1.3355
  [train] step=  1500 loss=1.3290
  [train] step=  1800 loss=1.3415
  [train] step=  2100 loss=1.3458
  [train] step=  2400 loss=1.3346
  [train] step=  2700 loss=1.3305
  [train] step=  3000 loss=1.3459
  [train] step=  3300 loss=1.3197
  [train] step=  3600 loss=1.3209
  [train] step=  3900 loss=1.3309
  [train] step=  4200 loss=1.3480
  [train] step=  4500 loss=1.3261
  [train] step=  4800 loss=1.3279
  [train] step=  5100 loss=1.3209
  [train] step=  5400 loss=1.3270
  [train] step=  5700 loss=1.3394
  [train] step=  5999 loss=1.3533
  [train] step=     0 loss=2.2040
  [train] step=   300 loss=1.9150
  [train] step=   600 loss=1.4071
  [train] step=   900 loss=1.3152
  [train] step=  1200 loss=1.2852
  [train] step=  1500 loss=1.2806
  [train] step=  1800 loss=1.2686
  [train] step=  2100 loss=1.2739
  [train] step=  2400 loss=1.2667
  [train] step=  2700 loss=1.2684
  [train] step=  3000 loss=1.2660
  [train] step=  3300 loss=1.2671
  [train] step=  3600 loss=1.2713
  [train] step=  3900 loss=1.2722
  [train] step=  4200 loss=1.2696
  [train] step=  4500 loss=1.2729
  [train] step=  4800 loss=1.2668
  [train] step=  5100 loss=1.2704
  [train] step=  5400 loss=1.2629
  [train] step=  5700 loss=1.2638
  [train] step=  5999 loss=1.2633
  [train] step=     0 loss=2.1765
  [train] step=   300 loss=2.0551
  [train] step=   600 loss=1.5327
  [train] step=   900 loss=1.3452
  [train] step=  1200 loss=1.3099
  [train] step=  1500 loss=1.3067
  [train] step=  1800 loss=1.3051
  [train] step=  2100 loss=1.2864
  [train] step=  2400 loss=1.2906
  [train] step=  2700 loss=1.2968
  [train] step=  3000 loss=1.3041
  [train] step=  3300 loss=1.2978
  [train] step=  3600 loss=1.2884
  [train] step=  3900 loss=1.2866
  [train] step=  4200 loss=1.2841
  [train] step=  4500 loss=1.2861
  [train] step=  4800 loss=1.2882
  [train] step=  5100 loss=1.2862
  [train] step=  5400 loss=1.2916
  [train] step=  5700 loss=1.2883
  [train] step=  5999 loss=1.2927
  [train] step=     0 loss=2.1879
  [train] step=   300 loss=2.1058
  [train] step=   600 loss=1.6529
  [train] step=   900 loss=1.3915
  [train] step=  1200 loss=1.3400
  [train] step=  1500 loss=1.3346
  [train] step=  1800 loss=1.3421
  [train] step=  2100 loss=1.3249
  [train] step=  2400 loss=1.3255
  [train] step=  2700 loss=1.3359
  [train] step=  3000 loss=1.3440
  [train] step=  3300 loss=1.3426
  [train] step=  3600 loss=1.3247
  [train] step=  3900 loss=1.3268
  [train] step=  4200 loss=1.3294
  [train] step=  4500 loss=1.3303
  [train] step=  4800 loss=1.3217
  [train] step=  5100 loss=1.3332
  [train] step=  5400 loss=1.3230
  [train] step=  5700 loss=1.3304
  [train] step=  5999 loss=1.3288
  [train] step=     0 loss=2.1193
  [train] step=   300 loss=1.8905
  [train] step=   600 loss=1.3855
  [train] step=   900 loss=1.3124
  [train] step=  1200 loss=1.2936
  [train] step=  1500 loss=1.2839
  [train] step=  1800 loss=1.2771
  [train] step=  2100 loss=1.2753
  [train] step=  2400 loss=1.2631
  [train] step=  2700 loss=1.2696
  [train] step=  3000 loss=1.2609
  [train] step=  3300 loss=1.2639
  [train] step=  3600 loss=1.2673
  [train] step=  3900 loss=1.2577
  [train] step=  4200 loss=1.2570
  [train] step=  4500 loss=1.2657
  [train] step=  4800 loss=1.2643
  [train] step=  5100 loss=1.2565
  [train] step=  5400 loss=1.2555
  [train] step=  5700 loss=1.2628
  [train] step=  5999 loss=1.2586
  [train] step=     0 loss=2.2291
  [train] step=   300 loss=2.0165
  [train] step=   600 loss=1.4441
  [train] step=   900 loss=1.3289
  [train] step=  1200 loss=1.2934
  [train] step=  1500 loss=1.2840
  [train] step=  1800 loss=1.2872
  [train] step=  2100 loss=1.2845
  [train] step=  2400 loss=1.2825
  [train] step=  2700 loss=1.2762
  [train] step=  3000 loss=1.2753
  [train] step=  3300 loss=1.2790
  [train] step=  3600 loss=1.2733
  [train] step=  3900 loss=1.2823
  [train] step=  4200 loss=1.2823
  [train] step=  4500 loss=1.2800
  [train] step=  4800 loss=1.2748
  [train] step=  5100 loss=1.2732
  [train] step=  5400 loss=1.2700
  [train] step=  5700 loss=1.2791
  [train] step=  5999 loss=1.2766
  [train] step=     0 loss=2.2416
  [train] step=   300 loss=1.8274
  [train] step=   600 loss=1.3516
  [train] step=   900 loss=1.3015
  [train] step=  1200 loss=1.2852
  [train] step=  1500 loss=1.2809
  [train] step=  1800 loss=1.2746
  [train] step=  2100 loss=1.2779
  [train] step=  2400 loss=1.2777
  [train] step=  2700 loss=1.2750
  [train] step=  3000 loss=1.2742
  [train] step=  3300 loss=1.2752
  [train] step=  3600 loss=1.2764
  [train] step=  3900 loss=1.2784
  [train] step=  4200 loss=1.2694
  [train] step=  4500 loss=1.2696
  [train] step=  4800 loss=1.2761
  [train] step=  5100 loss=1.2705
  [train] step=  5400 loss=1.2724
  [train] step=  5700 loss=1.2681
  [train] step=  5999 loss=1.2805
  [train] step=     0 loss=2.1972
  [train] step=   300 loss=1.9461
  [train] step=   600 loss=1.4131
  [train] step=   900 loss=1.3337
  [train] step=  1200 loss=1.3035
  [train] step=  1500 loss=1.2920
  [train] step=  1800 loss=1.2877
  [train] step=  2100 loss=1.2820
  [train] step=  2400 loss=1.2736
  [train] step=  2700 loss=1.2761
  [train] step=  3000 loss=1.2735
  [train] step=  3300 loss=1.2717
  [train] step=  3600 loss=1.2668
  [train] step=  3900 loss=1.2549
  [train] step=  4200 loss=1.2769
  [train] step=  4500 loss=1.2681
  [train] step=  4800 loss=1.2595
  [train] step=  5100 loss=1.2691
  [train] step=  5400 loss=1.2637
  [train] step=  5700 loss=1.2632
  [train] step=  5999 loss=1.2689
  [train] step=     0 loss=2.1807
  [train] step=   300 loss=2.0464
  [train] step=   600 loss=1.5664
  [train] step=   900 loss=1.3411
  [train] step=  1200 loss=1.3102
  [train] step=  1500 loss=1.3055
  [train] step=  1800 loss=1.2967
  [train] step=  2100 loss=1.3058
  [train] step=  2400 loss=1.2948
  [train] step=  2700 loss=1.2909
  [train] step=  3000 loss=1.3025
  [train] step=  3300 loss=1.2802
  [train] step=  3600 loss=1.2849
  [train] step=  3900 loss=1.2902
  [train] step=  4200 loss=1.2923
  [train] step=  4500 loss=1.2844
  [train] step=  4800 loss=1.2879
  [train] step=  5100 loss=1.2780
  [train] step=  5400 loss=1.2930
  [train] step=  5700 loss=1.2908
  [train] step=  5999 loss=1.2923
  [train] step=     0 loss=2.1918
  [train] step=   300 loss=1.8347
  [train] step=   600 loss=1.3583
  [train] step=   900 loss=1.2938
  [train] step=  1200 loss=1.2757
  [train] step=  1500 loss=1.2694
  [train] step=  1800 loss=1.2629
  [train] step=  2100 loss=1.2671
  [train] step=  2400 loss=1.2603
  [train] step=  2700 loss=1.2642
  [train] step=  3000 loss=1.2607
  [train] step=  3300 loss=1.2620
  [train] step=  3600 loss=1.2638
  [train] step=  3900 loss=1.2626
  [train] step=  4200 loss=1.2601
  [train] step=  4500 loss=1.2601
  [train] step=  4800 loss=1.2588
  [train] step=  5100 loss=1.2609
  [train] step=  5400 loss=1.2519
  [train] step=  5700 loss=1.2524
  [train] step=  5999 loss=1.2528
  [train] step=     0 loss=2.1962
  [train] step=   300 loss=2.0031
  [train] step=   600 loss=1.4851
  [train] step=   900 loss=1.3629
  [train] step=  1200 loss=1.3150
  [train] step=  1500 loss=1.3230
  [train] step=  1800 loss=1.3020
  [train] step=  2100 loss=1.2896
  [train] step=  2400 loss=1.2866
  [train] step=  2700 loss=1.2763
  [train] step=  3000 loss=1.2764
  [train] step=  3300 loss=1.2776
  [train] step=  3600 loss=1.2764
  [train] step=  3900 loss=1.2820
  [train] step=  4200 loss=1.2737
  [train] step=  4500 loss=1.2812
  [train] step=  4800 loss=1.2752
  [train] step=  5100 loss=1.2796
  [train] step=  5400 loss=1.2678
  [train] step=  5700 loss=1.2723
  [train] step=  5999 loss=1.2697
  [train] step=     0 loss=2.2035
  [train] step=   300 loss=1.9055
  [train] step=   600 loss=1.3775
  [train] step=   900 loss=1.3070
  [train] step=  1200 loss=1.2858
  [train] step=  1500 loss=1.2849
  [train] step=  1800 loss=1.2826
  [train] step=  2100 loss=1.2749
  [train] step=  2400 loss=1.2813
  [train] step=  2700 loss=1.2730
  [train] step=  3000 loss=1.2728
  [train] step=  3300 loss=1.2705
  [train] step=  3600 loss=1.2672
  [train] step=  3900 loss=1.2678
  [train] step=  4200 loss=1.2684
  [train] step=  4500 loss=1.2710
  [train] step=  4800 loss=1.2656
  [train] step=  5100 loss=1.2656
  [train] step=  5400 loss=1.2663
  [train] step=  5700 loss=1.2626
  [train] step=  5999 loss=1.2551
  [train] step=     0 loss=2.2138
  [train] step=   300 loss=2.1044
  [train] step=   600 loss=1.5861
  [train] step=   900 loss=1.3929
  [train] step=  1200 loss=1.3405
  [train] step=  1500 loss=1.3132
  [train] step=  1800 loss=1.3012
  [train] step=  2100 loss=1.2834
  [train] step=  2400 loss=1.2869
  [train] step=  2700 loss=1.2945
  [train] step=  3000 loss=1.2986
  [train] step=  3300 loss=1.2958
  [train] step=  3600 loss=1.2861
  [train] step=  3900 loss=1.2851
  [train] step=  4200 loss=1.2825
  [train] step=  4500 loss=1.2836
  [train] step=  4800 loss=1.2842
  [train] step=  5100 loss=1.2862
  [train] step=  5400 loss=1.2879
  [train] step=  5700 loss=1.2858
  [train] step=  5999 loss=1.2897
  [train] step=     0 loss=2.2087
  [train] step=   300 loss=1.7131
  [train] step=   600 loss=1.3231
  [train] step=   900 loss=1.2854
  [train] step=  1200 loss=1.2818
  [train] step=  1500 loss=1.2770
  [train] step=  1800 loss=1.2820
  [train] step=  2100 loss=1.2764
  [train] step=  2400 loss=1.2727
  [train] step=  2700 loss=1.2685
  [train] step=  3000 loss=1.2755
  [train] step=  3300 loss=1.2604
  [train] step=  3600 loss=1.2682
  [train] step=  3900 loss=1.2725
  [train] step=  4200 loss=1.2698
  [train] step=  4500 loss=1.2623
  [train] step=  4800 loss=1.2619
  [train] step=  5100 loss=1.2732
  [train] step=  5400 loss=1.2637
  [train] step=  5700 loss=1.2708
  [train] step=  5999 loss=1.2675
  [train] step=     0 loss=2.2017
  [train] step=   300 loss=1.9936
  [train] step=   600 loss=1.4169
  [train] step=   900 loss=1.3231
  [train] step=  1200 loss=1.2973
  [train] step=  1500 loss=1.2891
  [train] step=  1800 loss=1.2802
  [train] step=  2100 loss=1.2776
  [train] step=  2400 loss=1.2673
  [train] step=  2700 loss=1.2750
  [train] step=  3000 loss=1.2663
  [train] step=  3300 loss=1.2708
  [train] step=  3600 loss=1.2729
  [train] step=  3900 loss=1.2654
  [train] step=  4200 loss=1.2667
  [train] step=  4500 loss=1.2723
  [train] step=  4800 loss=1.2722
  [train] step=  5100 loss=1.2644
  [train] step=  5400 loss=1.2628
  [train] step=  5700 loss=1.2688
  [train] step=  5999 loss=1.2646
  [train] step=     0 loss=2.1786
  [train] step=   300 loss=2.0497
  [train] step=   600 loss=1.5783
  [train] step=   900 loss=1.3307
  [train] step=  1200 loss=1.2934
  [train] step=  1500 loss=1.2937
  [train] step=  1800 loss=1.2831
  [train] step=  2100 loss=1.2923
  [train] step=  2400 loss=1.2873
  [train] step=  2700 loss=1.2809
  [train] step=  3000 loss=1.2936
  [train] step=  3300 loss=1.2807
  [train] step=  3600 loss=1.2860
  [train] step=  3900 loss=1.2976
  [train] step=  4200 loss=1.2858
  [train] step=  4500 loss=1.2856
  [train] step=  4800 loss=1.2797
  [train] step=  5100 loss=1.2847
  [train] step=  5400 loss=1.2843
  [train] step=  5700 loss=1.2811
  [train] step=  5999 loss=1.2820
  [train] step=     0 loss=2.2312
  [train] step=   300 loss=1.8919
  [train] step=   600 loss=1.4008
  [train] step=   900 loss=1.3136
  [train] step=  1200 loss=1.2960
  [train] step=  1500 loss=1.2852
  [train] step=  1800 loss=1.2822
  [train] step=  2100 loss=1.2793
  [train] step=  2400 loss=1.2728
  [train] step=  2700 loss=1.2733
  [train] step=  3000 loss=1.2720
  [train] step=  3300 loss=1.2723
  [train] step=  3600 loss=1.2663
  [train] step=  3900 loss=1.2548
  [train] step=  4200 loss=1.2788
  [train] step=  4500 loss=1.2692
  [train] step=  4800 loss=1.2621
  [train] step=  5100 loss=1.2713
  [train] step=  5400 loss=1.2673
  [train] step=  5700 loss=1.2667
  [train] step=  5999 loss=1.2689
  [train] step=     0 loss=2.2243
  [train] step=   300 loss=2.0608
  [train] step=   600 loss=1.5312
  [train] step=   900 loss=1.3762
  [train] step=  1200 loss=1.3285
  [train] step=  1500 loss=1.3110
  [train] step=  1800 loss=1.3079
  [train] step=  2100 loss=1.2916
  [train] step=  2400 loss=1.2903
  [train] step=  2700 loss=1.2808
  [train] step=  3000 loss=1.2780
  [train] step=  3300 loss=1.2794
  [train] step=  3600 loss=1.2757
  [train] step=  3900 loss=1.2836
  [train] step=  4200 loss=1.2853
  [train] step=  4500 loss=1.2823
  [train] step=  4800 loss=1.2769
  [train] step=  5100 loss=1.2726
  [train] step=  5400 loss=1.2704
  [train] step=  5700 loss=1.2793
  [train] step=  5999 loss=1.2791
  [train] step=     0 loss=2.2158
  [train] step=   300 loss=1.8997
  [train] step=   600 loss=1.3867
  [train] step=   900 loss=1.3137
  [train] step=  1200 loss=1.2899
  [train] step=  1500 loss=1.2835
  [train] step=  1800 loss=1.2766
  [train] step=  2100 loss=1.2731
  [train] step=  2400 loss=1.2748
  [train] step=  2700 loss=1.2719
  [train] step=  3000 loss=1.2700
  [train] step=  3300 loss=1.2725
  [train] step=  3600 loss=1.2739
  [train] step=  3900 loss=1.2738
  [train] step=  4200 loss=1.2668
  [train] step=  4500 loss=1.2667
  [train] step=  4800 loss=1.2722
  [train] step=  5100 loss=1.2660
  [train] step=  5400 loss=1.2684
  [train] step=  5700 loss=1.2657
  [train] step=  5999 loss=1.2748
  [train] step=     0 loss=2.2316
  [train] step=   300 loss=1.8897
  [train] step=   600 loss=1.3918
  [train] step=   900 loss=1.2981
  [train] step=  1200 loss=1.2748
  [train] step=  1500 loss=1.2720
  [train] step=  1800 loss=1.2655
  [train] step=  2100 loss=1.2727
  [train] step=  2400 loss=1.2646
  [train] step=  2700 loss=1.2684
  [train] step=  3000 loss=1.2656
  [train] step=  3300 loss=1.2690
  [train] step=  3600 loss=1.2733
  [train] step=  3900 loss=1.2752
  [train] step=  4200 loss=1.2691
  [train] step=  4500 loss=1.2733
  [train] step=  4800 loss=1.2687
  [train] step=  5100 loss=1.2729
  [train] step=  5400 loss=1.2650
  [train] step=  5700 loss=1.2659
  [train] step=  5999 loss=1.2690
  [train] step=     0 loss=2.2256
  [train] step=   300 loss=2.0582
  [train] step=   600 loss=1.5164
  [train] step=   900 loss=1.3440
  [train] step=  1200 loss=1.2941
  [train] step=  1500 loss=1.3057
  [train] step=  1800 loss=1.2978
  [train] step=  2100 loss=1.2890
  [train] step=  2400 loss=1.2832
  [train] step=  2700 loss=1.2737
  [train] step=  3000 loss=1.2690
  [train] step=  3300 loss=1.2743
  [train] step=  3600 loss=1.2725
  [train] step=  3900 loss=1.2766
  [train] step=  4200 loss=1.2701
  [train] step=  4500 loss=1.2791
  [train] step=  4800 loss=1.2744
  [train] step=  5100 loss=1.2804
  [train] step=  5400 loss=1.2696
  [train] step=  5700 loss=1.2747
  [train] step=  5999 loss=1.2713
  [train] step=     0 loss=2.1644
  [train] step=   300 loss=1.8191
  [train] step=   600 loss=1.3471
  [train] step=   900 loss=1.2899
  [train] step=  1200 loss=1.2782
  [train] step=  1500 loss=1.2830
  [train] step=  1800 loss=1.2810
  [train] step=  2100 loss=1.2690
  [train] step=  2400 loss=1.2771
  [train] step=  2700 loss=1.2669
  [train] step=  3000 loss=1.2653
  [train] step=  3300 loss=1.2647
  [train] step=  3600 loss=1.2594
  [train] step=  3900 loss=1.2602
  [train] step=  4200 loss=1.2613
  [train] step=  4500 loss=1.2653
  [train] step=  4800 loss=1.2578
  [train] step=  5100 loss=1.2597
  [train] step=  5400 loss=1.2578
  [train] step=  5700 loss=1.2545
  [train] step=  5999 loss=1.2470
  [train] step=     0 loss=2.2308
  [train] step=   300 loss=2.0234
  [train] step=   600 loss=1.5069
  [train] step=   900 loss=1.3407
  [train] step=  1200 loss=1.3068
  [train] step=  1500 loss=1.2869
  [train] step=  1800 loss=1.2978
  [train] step=  2100 loss=1.2946
  [train] step=  2400 loss=1.2854
  [train] step=  2700 loss=1.2790
  [train] step=  3000 loss=1.2781
  [train] step=  3300 loss=1.2734
  [train] step=  3600 loss=1.2708
  [train] step=  3900 loss=1.2763
  [train] step=  4200 loss=1.2759
  [train] step=  4500 loss=1.2808
  [train] step=  4800 loss=1.2763
  [train] step=  5100 loss=1.2813
  [train] step=  5400 loss=1.2613
  [train] step=  5700 loss=1.2743
  [train] step=  5999 loss=1.2733
  [train] step=     0 loss=2.2596
  [train] step=   300 loss=1.8309
  [train] step=   600 loss=1.4111
  [train] step=   900 loss=1.3127
  [train] step=  1200 loss=1.2982
  [train] step=  1500 loss=1.2900
  [train] step=  1800 loss=1.2961
  [train] step=  2100 loss=1.2892
  [train] step=  2400 loss=1.2880
  [train] step=  2700 loss=1.2846
  [train] step=  3000 loss=1.2900
  [train] step=  3300 loss=1.2752
  [train] step=  3600 loss=1.2856
  [train] step=  3900 loss=1.2881
  [train] step=  4200 loss=1.2887
  [train] step=  4500 loss=1.2802
  [train] step=  4800 loss=1.2805
  [train] step=  5100 loss=1.2897
  [train] step=  5400 loss=1.2829
  [train] step=  5700 loss=1.2888
  [train] step=  5999 loss=1.2882
  [train] step=     0 loss=2.1954
  [train] step=   300 loss=2.0227
  [train] step=   600 loss=1.4828
  [train] step=   900 loss=1.3783
  [train] step=  1200 loss=1.3239
  [train] step=  1500 loss=1.2969
  [train] step=  1800 loss=1.2975
  [train] step=  2100 loss=1.2903
  [train] step=  2400 loss=1.2821
  [train] step=  2700 loss=1.2751
  [train] step=  3000 loss=1.2738
  [train] step=  3300 loss=1.2659
  [train] step=  3600 loss=1.2664
  [train] step=  3900 loss=1.2711
  [train] step=  4200 loss=1.2708
  [train] step=  4500 loss=1.2754
  [train] step=  4800 loss=1.2727
  [train] step=  5100 loss=1.2751
  [train] step=  5400 loss=1.2581
  [train] step=  5700 loss=1.2712
  [train] step=  5999 loss=1.2711
  [train] step=     0 loss=2.1534
  [train] step=   300 loss=1.7770
  [train] step=   600 loss=1.3518
  [train] step=   900 loss=1.2974
  [train] step=  1200 loss=1.2843
  [train] step=  1500 loss=1.2754
  [train] step=  1800 loss=1.2820
  [train] step=  2100 loss=1.2742
  [train] step=  2400 loss=1.2698
  [train] step=  2700 loss=1.2688
  [train] step=  3000 loss=1.2708
  [train] step=  3300 loss=1.2570
  [train] step=  3600 loss=1.2685
  [train] step=  3900 loss=1.2688
  [train] step=  4200 loss=1.2658
  [train] step=  4500 loss=1.2606
  [train] step=  4800 loss=1.2588
  [train] step=  5100 loss=1.2683
  [train] step=  5400 loss=1.2620
  [train] step=  5700 loss=1.2690
  [train] step=  5999 loss=1.2663
  [train] step=     0 loss=2.2525
  [train] step=   300 loss=1.8391
  [train] step=   600 loss=1.3813
  [train] step=   900 loss=1.3119
  [train] step=  1200 loss=1.2910
  [train] step=  1500 loss=1.2856
  [train] step=  1800 loss=1.2777
  [train] step=  2100 loss=1.2776
  [train] step=  2400 loss=1.2789
  [train] step=  2700 loss=1.2766
  [train] step=  3000 loss=1.2765
  [train] step=  3300 loss=1.2776
  [train] step=  3600 loss=1.2778
  [train] step=  3900 loss=1.2802
  [train] step=  4200 loss=1.2717
  [train] step=  4500 loss=1.2723
  [train] step=  4800 loss=1.2780
  [train] step=  5100 loss=1.2723
  [train] step=  5400 loss=1.2761
  [train] step=  5700 loss=1.2711
  [train] step=  5999 loss=1.2839
  [train] step=     0 loss=2.1528
  [train] step=   300 loss=1.9483
  [train] step=   600 loss=1.4780
  [train] step=   900 loss=1.3711
  [train] step=  1200 loss=1.3090
  [train] step=  1500 loss=1.2918
  [train] step=  1800 loss=1.2819
  [train] step=  2100 loss=1.2728
  [train] step=  2400 loss=1.2719
  [train] step=  2700 loss=1.2602
  [train] step=  3000 loss=1.2638
  [train] step=  3300 loss=1.2708
  [train] step=  3600 loss=1.2618
  [train] step=  3900 loss=1.2727
  [train] step=  4200 loss=1.2729
  [train] step=  4500 loss=1.2690
  [train] step=  4800 loss=1.2636
  [train] step=  5100 loss=1.2603
  [train] step=  5400 loss=1.2569
  [train] step=  5700 loss=1.2633
  [train] step=  5999 loss=1.2629
  [train] step=     0 loss=2.1559
  [train] step=   300 loss=2.0213
  [train] step=   600 loss=1.5471
  [train] step=   900 loss=1.3488
  [train] step=  1200 loss=1.3006
  [train] step=  1500 loss=1.3010
  [train] step=  1800 loss=1.2931
  [train] step=  2100 loss=1.3002
  [train] step=  2400 loss=1.2926
  [train] step=  2700 loss=1.2868
  [train] step=  3000 loss=1.2950
  [train] step=  3300 loss=1.2780
  [train] step=  3600 loss=1.2814
  [train] step=  3900 loss=1.2861
  [train] step=  4200 loss=1.2910
  [train] step=  4500 loss=1.2818
  [train] step=  4800 loss=1.2854
  [train] step=  5100 loss=1.2767
  [train] step=  5400 loss=1.2913
  [train] step=  5700 loss=1.2871
  [train] step=  5999 loss=1.2896
  [train] step=     0 loss=2.2410
  [train] step=   300 loss=1.8562
  [train] step=   600 loss=1.3768
  [train] step=   900 loss=1.3043
  [train] step=  1200 loss=1.2848
  [train] step=  1500 loss=1.2904
  [train] step=  1800 loss=1.2874
  [train] step=  2100 loss=1.2807
  [train] step=  2400 loss=1.2870
  [train] step=  2700 loss=1.2793
  [train] step=  3000 loss=1.2778
  [train] step=  3300 loss=1.2767
  [train] step=  3600 loss=1.2733
  [train] step=  3900 loss=1.2752
  [train] step=  4200 loss=1.2745
  [train] step=  4500 loss=1.2788
  [train] step=  4800 loss=1.2742
  [train] step=  5100 loss=1.2741
  [train] step=  5400 loss=1.2740
  [train] step=  5700 loss=1.2702
  [train] step=  5999 loss=1.2630
  [train] step=     0 loss=2.1462
  [train] step=   300 loss=1.9362
  [train] step=   600 loss=1.4752
  [train] step=   900 loss=1.3498
  [train] step=  1200 loss=1.3003
  [train] step=  1500 loss=1.2998
  [train] step=  1800 loss=1.2891
  [train] step=  2100 loss=1.2786
  [train] step=  2400 loss=1.2741
  [train] step=  2700 loss=1.2616
  [train] step=  3000 loss=1.2600
  [train] step=  3300 loss=1.2626
  [train] step=  3600 loss=1.2613
  [train] step=  3900 loss=1.2658
  [train] step=  4200 loss=1.2597
  [train] step=  4500 loss=1.2679
  [train] step=  4800 loss=1.2653
  [train] step=  5100 loss=1.2699
  [train] step=  5400 loss=1.2594
  [train] step=  5700 loss=1.2632
  [train] step=  5999 loss=1.2606
  [train] step=     0 loss=2.2268
  [train] step=   300 loss=1.9453
  [train] step=   600 loss=1.3999
  [train] step=   900 loss=1.3138
  [train] step=  1200 loss=1.2913
  [train] step=  1500 loss=1.2844
  [train] step=  1800 loss=1.2792
  [train] step=  2100 loss=1.2786
  [train] step=  2400 loss=1.2693
  [train] step=  2700 loss=1.2746
  [train] step=  3000 loss=1.2675
  [train] step=  3300 loss=1.2731
  [train] step=  3600 loss=1.2766
  [train] step=  3900 loss=1.2665
  [train] step=  4200 loss=1.2693
  [train] step=  4500 loss=1.2744
  [train] step=  4800 loss=1.2730
  [train] step=  5100 loss=1.2668
  [train] step=  5400 loss=1.2675
  [train] step=  5700 loss=1.2720
  [train] step=  5999 loss=1.2688
  [train] step=     0 loss=2.2333
  [train] step=   300 loss=1.7620
  [train] step=   600 loss=1.3465
  [train] step=   900 loss=1.2907
  [train] step=  1200 loss=1.2822
  [train] step=  1500 loss=1.2806
  [train] step=  1800 loss=1.2860
  [train] step=  2100 loss=1.2793
  [train] step=  2400 loss=1.2777
  [train] step=  2700 loss=1.2750
  [train] step=  3000 loss=1.2808
  [train] step=  3300 loss=1.2671
  [train] step=  3600 loss=1.2779
  [train] step=  3900 loss=1.2799
  [train] step=  4200 loss=1.2777
  [train] step=  4500 loss=1.2708
  [train] step=  4800 loss=1.2699
  [train] step=  5100 loss=1.2803
  [train] step=  5400 loss=1.2731
  [train] step=  5700 loss=1.2797
  [train] step=  5999 loss=1.2781
  [train] step=     0 loss=2.2239
  [train] step=   300 loss=2.0696
  [train] step=   600 loss=1.5194
  [train] step=   900 loss=1.3616
  [train] step=  1200 loss=1.3178
  [train] step=  1500 loss=1.3008
  [train] step=  1800 loss=1.3050
  [train] step=  2100 loss=1.3077
  [train] step=  2400 loss=1.2866
  [train] step=  2700 loss=1.2804
  [train] step=  3000 loss=1.2779
  [train] step=  3300 loss=1.2717
  [train] step=  3600 loss=1.2709
  [train] step=  3900 loss=1.2750
  [train] step=  4200 loss=1.2744
  [train] step=  4500 loss=1.2786
  [train] step=  4800 loss=1.2760
  [train] step=  5100 loss=1.2793
  [train] step=  5400 loss=1.2610
  [train] step=  5700 loss=1.2732
  [train] step=  5999 loss=1.2734
  [train] step=     0 loss=2.1994
  [train] step=   300 loss=1.8599
  [train] step=   600 loss=1.3920
  [train] step=   900 loss=1.3035
  [train] step=  1200 loss=1.2871
  [train] step=  1500 loss=1.2805
  [train] step=  1800 loss=1.2879
  [train] step=  2100 loss=1.2770
  [train] step=  2400 loss=1.2782
  [train] step=  2700 loss=1.2753
  [train] step=  3000 loss=1.2790
  [train] step=  3300 loss=1.2638
  [train] step=  3600 loss=1.2755
  [train] step=  3900 loss=1.2769
  [train] step=  4200 loss=1.2753
  [train] step=  4500 loss=1.2688
  [train] step=  4800 loss=1.2686
  [train] step=  5100 loss=1.2781
  [train] step=  5400 loss=1.2700
  [train] step=  5700 loss=1.2772
  [train] step=  5999 loss=1.2749
  [train] step=     0 loss=2.2698
  [train] step=   300 loss=1.9171
  [train] step=   600 loss=1.4202
  [train] step=   900 loss=1.3270
  [train] step=  1200 loss=1.3015
  [train] step=  1500 loss=1.2898
  [train] step=  1800 loss=1.2830
  [train] step=  2100 loss=1.2831
  [train] step=  2400 loss=1.2850
  [train] step=  2700 loss=1.2820
  [train] step=  3000 loss=1.2803
  [train] step=  3300 loss=1.2828
  [train] step=  3600 loss=1.2841
  [train] step=  3900 loss=1.2856
  [train] step=  4200 loss=1.2766
  [train] step=  4500 loss=1.2770
  [train] step=  4800 loss=1.2846
  [train] step=  5100 loss=1.2789
  [train] step=  5400 loss=1.2818
  [train] step=  5700 loss=1.2777
  [train] step=  5999 loss=1.2890
  [train] step=     0 loss=2.1682
  [train] step=   300 loss=1.9614
  [train] step=   600 loss=1.4639
  [train] step=   900 loss=1.3587
  [train] step=  1200 loss=1.3105
  [train] step=  1500 loss=1.2920
  [train] step=  1800 loss=1.2877
  [train] step=  2100 loss=1.2819
  [train] step=  2400 loss=1.2802
  [train] step=  2700 loss=1.2724
  [train] step=  3000 loss=1.2693
  [train] step=  3300 loss=1.2730
  [train] step=  3600 loss=1.2663
  [train] step=  3900 loss=1.2771
  [train] step=  4200 loss=1.2778
  [train] step=  4500 loss=1.2758
  [train] step=  4800 loss=1.2723
  [train] step=  5100 loss=1.2694
  [train] step=  5400 loss=1.2658
  [train] step=  5700 loss=1.2727
  [train] step=  5999 loss=1.2700
  [train] step=     0 loss=2.1881
  [train] step=   300 loss=1.8245
  [train] step=   600 loss=1.3417
  [train] step=   900 loss=1.3004
  [train] step=  1200 loss=1.2828
  [train] step=  1500 loss=1.2784
  [train] step=  1800 loss=1.2708
  [train] step=  2100 loss=1.2691
  [train] step=  2400 loss=1.2699
  [train] step=  2700 loss=1.2661
  [train] step=  3000 loss=1.2644
  [train] step=  3300 loss=1.2682
  [train] step=  3600 loss=1.2671
  [train] step=  3900 loss=1.2684
  [train] step=  4200 loss=1.2579
  [train] step=  4500 loss=1.2594
  [train] step=  4800 loss=1.2640
  [train] step=  5100 loss=1.2579
  [train] step=  5400 loss=1.2602
  [train] step=  5700 loss=1.2549
  [train] step=  5999 loss=1.2651
  [train] step=     0 loss=2.2196
  [train] step=   300 loss=1.8919
  [train] step=   600 loss=1.3703
  [train] step=   900 loss=1.2956
  [train] step=  1200 loss=1.2769
  [train] step=  1500 loss=1.2736
  [train] step=  1800 loss=1.2667
  [train] step=  2100 loss=1.2732
  [train] step=  2400 loss=1.2655
  [train] step=  2700 loss=1.2689
  [train] step=  3000 loss=1.2665
  [train] step=  3300 loss=1.2684
  [train] step=  3600 loss=1.2744
  [train] step=  3900 loss=1.2732
  [train] step=  4200 loss=1.2694
  [train] step=  4500 loss=1.2718
  [train] step=  4800 loss=1.2687
  [train] step=  5100 loss=1.2726
  [train] step=  5400 loss=1.2628
  [train] step=  5700 loss=1.2636
  [train] step=  5999 loss=1.2662
  [train] step=     0 loss=2.1409
  [train] step=   300 loss=2.0343
  [train] step=   600 loss=1.6150
  [train] step=   900 loss=1.3606
  [train] step=  1200 loss=1.3485
  [train] step=  1500 loss=1.3380
  [train] step=  1800 loss=1.3194
  [train] step=  2100 loss=1.3279
  [train] step=  2400 loss=1.3340
  [train] step=  2700 loss=1.3248
  [train] step=  3000 loss=1.3282
  [train] step=  3300 loss=1.3027
  [train] step=  3600 loss=1.3150
  [train] step=  3900 loss=1.3282
  [train] step=  4200 loss=1.3268
  [train] step=  4500 loss=1.3124
  [train] step=  4800 loss=1.3187
  [train] step=  5100 loss=1.3180
  [train] step=  5400 loss=1.3181
  [train] step=  5700 loss=1.3280
  [train] step=  5999 loss=1.3256
  [train] step=     0 loss=2.2454
  [train] step=   300 loss=2.0580
  [train] step=   600 loss=1.4997
  [train] step=   900 loss=1.3814
  [train] step=  1200 loss=1.3367
  [train] step=  1500 loss=1.3217
  [train] step=  1800 loss=1.3266
  [train] step=  2100 loss=1.3148
  [train] step=  2400 loss=1.3151
  [train] step=  2700 loss=1.3083
  [train] step=  3000 loss=1.2993
  [train] step=  3300 loss=1.3046
  [train] step=  3600 loss=1.3026
  [train] step=  3900 loss=1.2947
  [train] step=  4200 loss=1.3001
  [train] step=  4500 loss=1.3023
  [train] step=  4800 loss=1.2910
  [train] step=  5100 loss=1.2990
  [train] step=  5400 loss=1.2956
  [train] step=  5700 loss=1.2926
  [train] step=  5999 loss=1.2826
[bands] DONE 120/120 ok in 1721s -> /workspace/temp_xc/experiments/explorations/synthetic/frequency/results/frequency_bands_results.json
